<?xml version="1.0"?>
<link_info>
   <banner>TI ARM Linker PC v5.1.6</banner>
   <copyright>Copyright (c) 1996-2014 Texas Instruments Incorporated</copyright>
   <link_time>0x5531301e</link_time>
   <link_errors>0x0</link_errors>
   <output_file>udp_socket.out</output_file>
   <entry_point>
      <name>_c_int00</name>
      <address>0x2000a881</address>
   </entry_point>
   <input_file_list>
      <input_file id="fl-2">
         <path>.\</path>
         <kind>object</kind>
         <file>main.obj</file>
         <name>main.obj</name>
      </input_file>
      <input_file id="fl-3">
         <path>.\</path>
         <kind>object</kind>
         <file>pinmux.obj</file>
         <name>pinmux.obj</name>
      </input_file>
      <input_file id="fl-4">
         <path>.\</path>
         <kind>object</kind>
         <file>spi.obj</file>
         <name>spi.obj</name>
      </input_file>
      <input_file id="fl-5">
         <path>.\</path>
         <kind>object</kind>
         <file>startup_ccs.obj</file>
         <name>startup_ccs.obj</name>
      </input_file>
      <input_file id="fl-6">
         <path>.\</path>
         <kind>object</kind>
         <file>uart_if.obj</file>
         <name>uart_if.obj</name>
      </input_file>
      <input_file id="fl-7">
         <path>.\</path>
         <kind>object</kind>
         <file>udma_if.obj</file>
         <name>udma_if.obj</name>
      </input_file>
      <input_file id="fl-136">
         <path>c:\ti\ccsv6\tools\compiler\arm_5.1.6\lib\</path>
         <kind>archive</kind>
         <file>rtsv7M4_T_le_eabi.lib</file>
         <name>boot.obj</name>
      </input_file>
      <input_file id="fl-137">
         <path>c:\ti\ccsv6\tools\compiler\arm_5.1.6\lib\</path>
         <kind>archive</kind>
         <file>rtsv7M4_T_le_eabi.lib</file>
         <name>copy_decompress_none.obj</name>
      </input_file>
      <input_file id="fl-138">
         <path>c:\ti\ccsv6\tools\compiler\arm_5.1.6\lib\</path>
         <kind>archive</kind>
         <file>rtsv7M4_T_le_eabi.lib</file>
         <name>copy_decompress_rle.obj</name>
      </input_file>
      <input_file id="fl-139">
         <path>c:\ti\ccsv6\tools\compiler\arm_5.1.6\lib\</path>
         <kind>archive</kind>
         <file>rtsv7M4_T_le_eabi.lib</file>
         <name>copy_zero_init.obj</name>
      </input_file>
      <input_file id="fl-13a">
         <path>c:\ti\ccsv6\tools\compiler\arm_5.1.6\lib\</path>
         <kind>archive</kind>
         <file>rtsv7M4_T_le_eabi.lib</file>
         <name>exit.obj</name>
      </input_file>
      <input_file id="fl-13b">
         <path>c:\ti\ccsv6\tools\compiler\arm_5.1.6\lib\</path>
         <kind>archive</kind>
         <file>rtsv7M4_T_le_eabi.lib</file>
         <name>memcpy_t2.obj</name>
      </input_file>
      <input_file id="fl-13c">
         <path>c:\ti\ccsv6\tools\compiler\arm_5.1.6\lib\</path>
         <kind>archive</kind>
         <file>rtsv7M4_T_le_eabi.lib</file>
         <name>memmov.obj</name>
      </input_file>
      <input_file id="fl-13d">
         <path>c:\ti\ccsv6\tools\compiler\arm_5.1.6\lib\</path>
         <kind>archive</kind>
         <file>rtsv7M4_T_le_eabi.lib</file>
         <name>memory.obj</name>
      </input_file>
      <input_file id="fl-13e">
         <path>c:\ti\ccsv6\tools\compiler\arm_5.1.6\lib\</path>
         <kind>archive</kind>
         <file>rtsv7M4_T_le_eabi.lib</file>
         <name>memset_t2.obj</name>
      </input_file>
      <input_file id="fl-13f">
         <path>c:\ti\ccsv6\tools\compiler\arm_5.1.6\lib\</path>
         <kind>archive</kind>
         <file>rtsv7M4_T_le_eabi.lib</file>
         <name>stkdepth_vars.obj</name>
      </input_file>
      <input_file id="fl-140">
         <path>c:\ti\ccsv6\tools\compiler\arm_5.1.6\lib\</path>
         <kind>archive</kind>
         <file>rtsv7M4_T_le_eabi.lib</file>
         <name>strlen.obj</name>
      </input_file>
      <input_file id="fl-141">
         <path>c:\ti\ccsv6\tools\compiler\arm_5.1.6\lib\</path>
         <kind>archive</kind>
         <file>rtsv7M4_T_le_eabi.lib</file>
         <name>vsnprintf.obj</name>
      </input_file>
      <input_file id="fl-142">
         <path>c:\ti\ccsv6\tools\compiler\arm_5.1.6\lib\</path>
         <kind>archive</kind>
         <file>rtsv7M4_T_le_eabi.lib</file>
         <name>_lock.obj</name>
      </input_file>
      <input_file id="fl-143">
         <path>c:\ti\ccsv6\tools\compiler\arm_5.1.6\lib\</path>
         <kind>archive</kind>
         <file>rtsv7M4_T_le_eabi.lib</file>
         <name>_printfi.obj</name>
      </input_file>
      <input_file id="fl-144">
         <path>c:\ti\ccsv6\tools\compiler\arm_5.1.6\lib\</path>
         <kind>archive</kind>
         <file>rtsv7M4_T_le_eabi.lib</file>
         <name>args_main.obj</name>
      </input_file>
      <input_file id="fl-145">
         <path>c:\ti\ccsv6\tools\compiler\arm_5.1.6\lib\</path>
         <kind>archive</kind>
         <file>rtsv7M4_T_le_eabi.lib</file>
         <name>atoi.obj</name>
      </input_file>
      <input_file id="fl-146">
         <path>c:\ti\ccsv6\tools\compiler\arm_5.1.6\lib\</path>
         <kind>archive</kind>
         <file>rtsv7M4_T_le_eabi.lib</file>
         <name>auto_init.obj</name>
      </input_file>
      <input_file id="fl-147">
         <path>c:\ti\ccsv6\tools\compiler\arm_5.1.6\lib\</path>
         <kind>archive</kind>
         <file>rtsv7M4_T_le_eabi.lib</file>
         <name>cpy_tbl.obj</name>
      </input_file>
      <input_file id="fl-148">
         <path>c:\ti\ccsv6\tools\compiler\arm_5.1.6\lib\</path>
         <kind>archive</kind>
         <file>rtsv7M4_T_le_eabi.lib</file>
         <name>ctype.obj</name>
      </input_file>
      <input_file id="fl-149">
         <path>c:\ti\ccsv6\tools\compiler\arm_5.1.6\lib\</path>
         <kind>archive</kind>
         <file>rtsv7M4_T_le_eabi.lib</file>
         <name>fd_add_t2.obj</name>
      </input_file>
      <input_file id="fl-14a">
         <path>c:\ti\ccsv6\tools\compiler\arm_5.1.6\lib\</path>
         <kind>archive</kind>
         <file>rtsv7M4_T_le_eabi.lib</file>
         <name>fd_cmp_t2.obj</name>
      </input_file>
      <input_file id="fl-14b">
         <path>c:\ti\ccsv6\tools\compiler\arm_5.1.6\lib\</path>
         <kind>archive</kind>
         <file>rtsv7M4_T_le_eabi.lib</file>
         <name>fd_div_t2.obj</name>
      </input_file>
      <input_file id="fl-14c">
         <path>c:\ti\ccsv6\tools\compiler\arm_5.1.6\lib\</path>
         <kind>archive</kind>
         <file>rtsv7M4_T_le_eabi.lib</file>
         <name>fd_mul_t2.obj</name>
      </input_file>
      <input_file id="fl-14d">
         <path>c:\ti\ccsv6\tools\compiler\arm_5.1.6\lib\</path>
         <kind>archive</kind>
         <file>rtsv7M4_T_le_eabi.lib</file>
         <name>fd_toi_t2.obj</name>
      </input_file>
      <input_file id="fl-14e">
         <path>c:\ti\ccsv6\tools\compiler\arm_5.1.6\lib\</path>
         <kind>archive</kind>
         <file>rtsv7M4_T_le_eabi.lib</file>
         <name>i_tofd_t2.obj</name>
      </input_file>
      <input_file id="fl-14f">
         <path>c:\ti\ccsv6\tools\compiler\arm_5.1.6\lib\</path>
         <kind>archive</kind>
         <file>rtsv7M4_T_le_eabi.lib</file>
         <name>ll_mul_t2.obj</name>
      </input_file>
      <input_file id="fl-150">
         <path>c:\ti\ccsv6\tools\compiler\arm_5.1.6\lib\</path>
         <kind>archive</kind>
         <file>rtsv7M4_T_le_eabi.lib</file>
         <name>ltoa.obj</name>
      </input_file>
      <input_file id="fl-151">
         <path>c:\ti\ccsv6\tools\compiler\arm_5.1.6\lib\</path>
         <kind>archive</kind>
         <file>rtsv7M4_T_le_eabi.lib</file>
         <name>memccpy.obj</name>
      </input_file>
      <input_file id="fl-152">
         <path>c:\ti\ccsv6\tools\compiler\arm_5.1.6\lib\</path>
         <kind>archive</kind>
         <file>rtsv7M4_T_le_eabi.lib</file>
         <name>ull_div_t2.obj</name>
      </input_file>
      <input_file id="fl-153">
         <path>c:\ti\ccsv6\tools\compiler\arm_5.1.6\lib\</path>
         <kind>archive</kind>
         <file>rtsv7M4_T_le_eabi.lib</file>
         <name>xdclass.obj</name>
      </input_file>
      <input_file id="fl-154">
         <path>c:\ti\ccsv6\tools\compiler\arm_5.1.6\lib\</path>
         <kind>archive</kind>
         <file>rtsv7M4_T_le_eabi.lib</file>
         <name>xdtest.obj</name>
      </input_file>
      <input_file id="fl-155">
         <path>C:\ti\CC3200SDK_1.0.0\cc3200-sdk\example\udp_socket\ccs\\..\..\..\simplelink\ccs\NON_OS\</path>
         <kind>archive</kind>
         <file>simplelink.a</file>
         <name>device.obj</name>
      </input_file>
      <input_file id="fl-156">
         <path>C:\ti\CC3200SDK_1.0.0\cc3200-sdk\example\udp_socket\ccs\\..\..\..\simplelink\ccs\NON_OS\</path>
         <kind>archive</kind>
         <file>simplelink.a</file>
         <name>driver.obj</name>
      </input_file>
      <input_file id="fl-157">
         <path>C:\ti\CC3200SDK_1.0.0\cc3200-sdk\example\udp_socket\ccs\\..\..\..\simplelink\ccs\NON_OS\</path>
         <kind>archive</kind>
         <file>simplelink.a</file>
         <name>flowcont.obj</name>
      </input_file>
      <input_file id="fl-158">
         <path>C:\ti\CC3200SDK_1.0.0\cc3200-sdk\example\udp_socket\ccs\\..\..\..\simplelink\ccs\NON_OS\</path>
         <kind>archive</kind>
         <file>simplelink.a</file>
         <name>netapp.obj</name>
      </input_file>
      <input_file id="fl-159">
         <path>C:\ti\CC3200SDK_1.0.0\cc3200-sdk\example\udp_socket\ccs\\..\..\..\simplelink\ccs\NON_OS\</path>
         <kind>archive</kind>
         <file>simplelink.a</file>
         <name>netcfg.obj</name>
      </input_file>
      <input_file id="fl-15a">
         <path>C:\ti\CC3200SDK_1.0.0\cc3200-sdk\example\udp_socket\ccs\\..\..\..\simplelink\ccs\NON_OS\</path>
         <kind>archive</kind>
         <file>simplelink.a</file>
         <name>nonos.obj</name>
      </input_file>
      <input_file id="fl-15b">
         <path>C:\ti\CC3200SDK_1.0.0\cc3200-sdk\example\udp_socket\ccs\\..\..\..\simplelink\ccs\NON_OS\</path>
         <kind>archive</kind>
         <file>simplelink.a</file>
         <name>socket.obj</name>
      </input_file>
      <input_file id="fl-15c">
         <path>C:\ti\CC3200SDK_1.0.0\cc3200-sdk\example\udp_socket\ccs\\..\..\..\simplelink\ccs\NON_OS\</path>
         <kind>archive</kind>
         <file>simplelink.a</file>
         <name>wlan.obj</name>
      </input_file>
      <input_file id="fl-15d">
         <path>C:\ti\CC3200SDK_1.0.0\cc3200-sdk\example\udp_socket\ccs\\..\..\..\simplelink\ccs\NON_OS\</path>
         <kind>archive</kind>
         <file>simplelink.a</file>
         <name>cc_pal.obj</name>
      </input_file>
      <input_file id="fl-15e">
         <path>C:\ti\CC3200SDK_1.0.0\cc3200-sdk\example\udp_socket\ccs\\..\..\..\driverlib\ccs\Release\</path>
         <kind>archive</kind>
         <file>driverlib.a</file>
         <name>interrupt.obj</name>
      </input_file>
      <input_file id="fl-15f">
         <path>C:\ti\CC3200SDK_1.0.0\cc3200-sdk\example\udp_socket\ccs\\..\..\..\driverlib\ccs\Release\</path>
         <kind>archive</kind>
         <file>driverlib.a</file>
         <name>pin.obj</name>
      </input_file>
      <input_file id="fl-160">
         <path>C:\ti\CC3200SDK_1.0.0\cc3200-sdk\example\udp_socket\ccs\\..\..\..\driverlib\ccs\Release\</path>
         <kind>archive</kind>
         <file>driverlib.a</file>
         <name>prcm.obj</name>
      </input_file>
      <input_file id="fl-161">
         <path>C:\ti\CC3200SDK_1.0.0\cc3200-sdk\example\udp_socket\ccs\\..\..\..\driverlib\ccs\Release\</path>
         <kind>archive</kind>
         <file>driverlib.a</file>
         <name>spi.obj</name>
      </input_file>
      <input_file id="fl-162">
         <path>C:\ti\CC3200SDK_1.0.0\cc3200-sdk\example\udp_socket\ccs\\..\..\..\driverlib\ccs\Release\</path>
         <kind>archive</kind>
         <file>driverlib.a</file>
         <name>uart.obj</name>
      </input_file>
      <input_file id="fl-163">
         <path>C:\ti\CC3200SDK_1.0.0\cc3200-sdk\example\udp_socket\ccs\\..\..\..\driverlib\ccs\Release\</path>
         <kind>archive</kind>
         <file>driverlib.a</file>
         <name>udma.obj</name>
      </input_file>
      <input_file id="fl-164">
         <path>C:\ti\CC3200SDK_1.0.0\cc3200-sdk\example\udp_socket\ccs\\..\..\..\driverlib\ccs\Release\</path>
         <kind>archive</kind>
         <file>driverlib.a</file>
         <name>utils.obj</name>
      </input_file>
      <input_file id="fl-165">
         <path>C:\ti\CC3200SDK_1.0.0\cc3200-sdk\example\udp_socket\ccs\\..\..\..\driverlib\ccs\Release\</path>
         <kind>archive</kind>
         <file>driverlib.a</file>
         <name>cpu.obj</name>
      </input_file>
      <input_file id="fl-166">
         <path>C:\ti\CC3200SDK_1.0.0\cc3200-sdk\example\udp_socket\ccs\\..\..\..\driverlib\ccs\Release\</path>
         <kind>archive</kind>
         <file>driverlib.a</file>
         <name>flash.obj</name>
      </input_file>
      <input_file id="fl-167">
         <path>c:\ti\ccsv6\tools\compiler\arm_5.1.6\lib\</path>
         <kind>archive</kind>
         <file>rtsv7M4_T_le_eabi.lib</file>
         <name>ll_lsr_t2.obj</name>
      </input_file>
   </input_file_list>
   <object_component_list>
      <object_component id="oc-e">
         <name>.intvecs</name>
         <load_address>0x20004000</load_address>
         <run_address>0x20004000</run_address>
         <size>0x400</size>
         <input_file_ref idref="fl-5"/>
      </object_component>
      <object_component id="oc-40e">
         <name>.text</name>
         <load_address>0x20004400</load_address>
         <run_address>0x20004400</run_address>
         <size>0xec0</size>
         <input_file_ref idref="fl-143"/>
      </object_component>
      <object_component id="oc-7d">
         <name>.text</name>
         <load_address>0x200052c0</load_address>
         <run_address>0x200052c0</run_address>
         <size>0xe40</size>
         <input_file_ref idref="fl-2"/>
      </object_component>
      <object_component id="oc-13d">
         <name>.text</name>
         <load_address>0x20006100</load_address>
         <run_address>0x20006100</run_address>
         <size>0x3f4</size>
         <input_file_ref idref="fl-4"/>
      </object_component>
      <object_component id="oc-1fb">
         <name>.text</name>
         <load_address>0x200064f4</load_address>
         <run_address>0x200064f4</run_address>
         <size>0x3cc</size>
         <input_file_ref idref="fl-13d"/>
      </object_component>
      <object_component id="oc-5d5">
         <name>.text:_SlDrvMsgRead</name>
         <load_address>0x200068c0</load_address>
         <run_address>0x200068c0</run_address>
         <size>0x3b4</size>
         <input_file_ref idref="fl-156"/>
      </object_component>
      <object_component id="oc-5db">
         <name>.text:_SlAsyncEventGenericHandler</name>
         <load_address>0x20006c74</load_address>
         <run_address>0x20006c74</run_address>
         <size>0x34c</size>
         <input_file_ref idref="fl-156"/>
      </object_component>
      <object_component id="oc-b0">
         <name>.text</name>
         <load_address>0x20006fc0</load_address>
         <run_address>0x20006fc0</run_address>
         <size>0x26c</size>
         <input_file_ref idref="fl-6"/>
      </object_component>
      <object_component id="oc-188">
         <name>.text</name>
         <load_address>0x2000722c</load_address>
         <run_address>0x2000722c</run_address>
         <size>0x200</size>
         <input_file_ref idref="fl-7"/>
      </object_component>
      <object_component id="oc-55f">
         <name>.text</name>
         <load_address>0x2000742c</load_address>
         <run_address>0x2000742c</run_address>
         <size>0x1f4</size>
         <input_file_ref idref="fl-152"/>
      </object_component>
      <object_component id="oc-58d">
         <name>.text</name>
         <load_address>0x20007620</load_address>
         <run_address>0x20007620</run_address>
         <size>0x1b6</size>
         <input_file_ref idref="fl-149"/>
      </object_component>
      <object_component id="oc-5ca">
         <name>.text:IntDefaultHandler</name>
         <load_address>0x200077d6</load_address>
         <run_address>0x200077d6</run_address>
         <size>0x2</size>
         <input_file_ref idref="fl-15e"/>
      </object_component>
      <object_component id="oc-156">
         <name>.text:sl_WlanConnect</name>
         <load_address>0x200077d8</load_address>
         <run_address>0x200077d8</run_address>
         <size>0x19c</size>
         <input_file_ref idref="fl-15c"/>
      </object_component>
      <object_component id="oc-33e">
         <name>.text:_SlDrvDataReadOp</name>
         <load_address>0x20007974</load_address>
         <run_address>0x20007974</run_address>
         <size>0x17c</size>
         <input_file_ref idref="fl-156"/>
      </object_component>
      <object_component id="oc-337">
         <name>.text:_SlDrvDataWriteOp</name>
         <load_address>0x20007af0</load_address>
         <run_address>0x20007af0</run_address>
         <size>0x140</size>
         <input_file_ref idref="fl-156"/>
      </object_component>
      <object_component id="oc-65a">
         <name>.text:_SlDrvRxHdrRead</name>
         <load_address>0x20007c30</load_address>
         <run_address>0x20007c30</run_address>
         <size>0x140</size>
         <input_file_ref idref="fl-156"/>
      </object_component>
      <object_component id="oc-573">
         <name>.text</name>
         <load_address>0x20007d70</load_address>
         <run_address>0x20007d70</run_address>
         <size>0x136</size>
         <input_file_ref idref="fl-14b"/>
      </object_component>
      <object_component id="oc-16e">
         <name>.text:PRCMCC3200MCUInit</name>
         <load_address>0x20007ea8</load_address>
         <run_address>0x20007ea8</run_address>
         <size>0x134</size>
         <input_file_ref idref="fl-160"/>
      </object_component>
      <object_component id="oc-231">
         <name>.text:spi_Open</name>
         <load_address>0x20007fdc</load_address>
         <run_address>0x20007fdc</run_address>
         <size>0x128</size>
         <input_file_ref idref="fl-15d"/>
      </object_component>
      <object_component id="oc-237">
         <name>.text:_SlDrvWaitForPoolObj</name>
         <load_address>0x20008104</load_address>
         <run_address>0x20008104</run_address>
         <size>0x118</size>
         <input_file_ref idref="fl-156"/>
      </object_component>
      <object_component id="oc-4bb">
         <name>.text:_SlDrvMsgWrite</name>
         <load_address>0x2000821c</load_address>
         <run_address>0x2000821c</run_address>
         <size>0x114</size>
         <input_file_ref idref="fl-156"/>
      </object_component>
      <object_component id="oc-25b">
         <name>.text:_SlDrvReleasePoolObj</name>
         <load_address>0x20008330</load_address>
         <run_address>0x20008330</run_address>
         <size>0x10c</size>
         <input_file_ref idref="fl-156"/>
      </object_component>
      <object_component id="oc-56e">
         <name>.text</name>
         <load_address>0x2000843c</load_address>
         <run_address>0x2000843c</run_address>
         <size>0xfc</size>
         <input_file_ref idref="fl-14c"/>
      </object_component>
      <object_component id="oc-3b4">
         <name>.text:uDMAChannelTransferSet</name>
         <load_address>0x20008538</load_address>
         <run_address>0x20008538</run_address>
         <size>0xf0</size>
         <input_file_ref idref="fl-163"/>
      </object_component>
      <object_component id="oc-5e2">
         <name>.text:spi_Write</name>
         <load_address>0x20008628</load_address>
         <run_address>0x20008628</run_address>
         <size>0xec</size>
         <input_file_ref idref="fl-15d"/>
      </object_component>
      <object_component id="oc-dc">
         <name>.text:sl_Stop</name>
         <load_address>0x20008714</load_address>
         <run_address>0x20008714</run_address>
         <size>0xcc</size>
         <input_file_ref idref="fl-155"/>
      </object_component>
      <object_component id="oc-666">
         <name>.text:spi_Read</name>
         <load_address>0x200087e0</load_address>
         <run_address>0x200087e0</run_address>
         <size>0xcc</size>
         <input_file_ref idref="fl-15d"/>
      </object_component>
      <object_component id="oc-ca">
         <name>.text:sl_Start</name>
         <load_address>0x200088ac</load_address>
         <run_address>0x200088ac</run_address>
         <size>0xc8</size>
         <input_file_ref idref="fl-155"/>
      </object_component>
      <object_component id="oc-4c1">
         <name>.text:_SlDrvMsgReadCmdCtx</name>
         <load_address>0x20008974</load_address>
         <run_address>0x20008974</run_address>
         <size>0xbc</size>
         <input_file_ref idref="fl-156"/>
      </object_component>
      <object_component id="oc-143">
         <name>.text:sl_SendTo</name>
         <load_address>0x20008a30</load_address>
         <run_address>0x20008a30</run_address>
         <size>0xb4</size>
         <input_file_ref idref="fl-15b"/>
      </object_component>
      <object_component id="oc-6ac">
         <name>.text:_SlDrvNetAppEventHandler</name>
         <load_address>0x20008ae4</load_address>
         <run_address>0x20008ae4</run_address>
         <size>0xb2</size>
         <input_file_ref idref="fl-158"/>
      </object_component>
      <object_component id="oc-149">
         <name>.text:sl_RecvFrom</name>
         <load_address>0x20008b98</load_address>
         <run_address>0x20008b98</run_address>
         <size>0xac</size>
         <input_file_ref idref="fl-15b"/>
      </object_component>
      <object_component id="oc-475">
         <name>.text:IntDisable</name>
         <load_address>0x20008c44</load_address>
         <run_address>0x20008c44</run_address>
         <size>0xa8</size>
         <input_file_ref idref="fl-15e"/>
      </object_component>
      <object_component id="oc-168">
         <name>.text:IntEnable</name>
         <load_address>0x20008cec</load_address>
         <run_address>0x20008cec</run_address>
         <size>0xa8</size>
         <input_file_ref idref="fl-15e"/>
      </object_component>
      <object_component id="oc-300">
         <name>.text:SPIConfigSetExpClk</name>
         <load_address>0x20008d94</load_address>
         <run_address>0x20008d94</run_address>
         <size>0xa0</size>
         <input_file_ref idref="fl-161"/>
      </object_component>
      <object_component id="oc-4a">
         <name>.text</name>
         <load_address>0x20008e34</load_address>
         <run_address>0x20008e34</run_address>
         <size>0x9c</size>
         <input_file_ref idref="fl-13b"/>
      </object_component>
      <object_component id="oc-66c">
         <name>.text:_SlFindAndSetActiveObj</name>
         <load_address>0x20008ed0</load_address>
         <run_address>0x20008ed0</run_address>
         <size>0x98</size>
         <input_file_ref idref="fl-156"/>
      </object_component>
      <object_component id="oc-1d7">
         <name>.text:PRCMPeripheralClockGet</name>
         <load_address>0x20008f68</load_address>
         <run_address>0x20008f68</run_address>
         <size>0x94</size>
         <input_file_ref idref="fl-160"/>
      </object_component>
      <object_component id="oc-660">
         <name>.text:_SlDrvClassifyRxMsg</name>
         <load_address>0x20008ffc</load_address>
         <run_address>0x20008ffc</run_address>
         <size>0x94</size>
         <input_file_ref idref="fl-156"/>
      </object_component>
      <object_component id="oc-4a4">
         <name>.text:_SlDrvMsgReadSpawnCtx</name>
         <load_address>0x20009090</load_address>
         <run_address>0x20009090</run_address>
         <size>0x94</size>
         <input_file_ref idref="fl-156"/>
      </object_component>
      <object_component id="oc-35">
         <name>.text</name>
         <load_address>0x20009124</load_address>
         <run_address>0x20009124</run_address>
         <size>0x94</size>
         <input_file_ref idref="fl-146"/>
      </object_component>
      <object_component id="oc-22b">
         <name>.text:_SlDrvDriverCBInit</name>
         <load_address>0x200091b8</load_address>
         <run_address>0x200091b8</run_address>
         <size>0x90</size>
         <input_file_ref idref="fl-156"/>
      </object_component>
      <object_component id="oc-551">
         <name>.text:PinConfigSet</name>
         <load_address>0x20009248</load_address>
         <run_address>0x20009248</run_address>
         <size>0x88</size>
         <input_file_ref idref="fl-15f"/>
      </object_component>
      <object_component id="oc-27d">
         <name>.text:_SlDrvCmdOp</name>
         <load_address>0x200092d0</load_address>
         <run_address>0x200092d0</run_address>
         <size>0x88</size>
         <input_file_ref idref="fl-156"/>
      </object_component>
      <object_component id="oc-1e9">
         <name>.text</name>
         <load_address>0x20009358</load_address>
         <run_address>0x20009358</run_address>
         <size>0x88</size>
         <input_file_ref idref="fl-141"/>
      </object_component>
      <object_component id="oc-2be">
         <name>.text:sl_NetAppMDNSRegisterUnregisterService</name>
         <load_address>0x200093e0</load_address>
         <run_address>0x200093e0</run_address>
         <size>0x88</size>
         <input_file_ref idref="fl-158"/>
      </object_component>
      <object_component id="oc-569">
         <name>.text:__aeabi_cdcmple</name>
         <load_address>0x20009468</load_address>
         <run_address>0x20009468</run_address>
         <size>0x86</size>
         <input_file_ref idref="fl-14a"/>
      </object_component>
      <object_component id="oc-578">
         <name>.text:__aeabi_cdrcmple</name>
         <load_address>0x200094ee</load_address>
         <run_address>0x200094ee</run_address>
         <size>0x86</size>
         <input_file_ref idref="fl-14a"/>
      </object_component>
      <object_component id="oc-601">
         <name>.text:_sl_HandleAsync_DnsGetHostByName</name>
         <load_address>0x20009574</load_address>
         <run_address>0x20009574</run_address>
         <size>0x84</size>
         <input_file_ref idref="fl-158"/>
      </object_component>
      <object_component id="oc-225">
         <name>.text:NwpPowerOnPreamble</name>
         <load_address>0x200095f8</load_address>
         <run_address>0x200095f8</run_address>
         <size>0x80</size>
         <input_file_ref idref="fl-15d"/>
      </object_component>
      <object_component id="oc-2e2">
         <name>.text:SPIIntStatus</name>
         <load_address>0x20009678</load_address>
         <run_address>0x20009678</run_address>
         <size>0x7c</size>
         <input_file_ref idref="fl-161"/>
      </object_component>
      <object_component id="oc-e2">
         <name>.text:sl_DevGet</name>
         <load_address>0x200096f4</load_address>
         <run_address>0x200096f4</run_address>
         <size>0x7c</size>
         <input_file_ref idref="fl-155"/>
      </object_component>
      <object_component id="oc-6b9">
         <name>.text:SetupDMAReceive</name>
         <load_address>0x20009770</load_address>
         <run_address>0x20009770</run_address>
         <size>0x78</size>
         <input_file_ref idref="fl-15d"/>
      </object_component>
      <object_component id="oc-6d4">
         <name>.text:_sl_HandleAsync_InitComplete</name>
         <load_address>0x200097e8</load_address>
         <run_address>0x200097e8</run_address>
         <size>0x78</size>
         <input_file_ref idref="fl-155"/>
      </object_component>
      <object_component id="oc-60d">
         <name>.text:_sl_HandleAsync_PingResponse</name>
         <load_address>0x20009860</load_address>
         <run_address>0x20009860</run_address>
         <size>0x78</size>
         <input_file_ref idref="fl-158"/>
      </object_component>
      <object_component id="oc-b6">
         <name>.text</name>
         <load_address>0x200098d8</load_address>
         <run_address>0x200098d8</run_address>
         <size>0x78</size>
         <input_file_ref idref="fl-13e"/>
      </object_component>
      <object_component id="oc-1dd">
         <name>.text:UARTConfigSetExpClk</name>
         <load_address>0x20009950</load_address>
         <run_address>0x20009950</run_address>
         <size>0x76</size>
         <input_file_ref idref="fl-162"/>
      </object_component>
      <object_component id="oc-28e">
         <name>.text:spi_Close</name>
         <load_address>0x200099c8</load_address>
         <run_address>0x200099c8</run_address>
         <size>0x74</size>
         <input_file_ref idref="fl-15d"/>
      </object_component>
      <object_component id="oc-331">
         <name>.text:_sl_TruncatePayloadByProtocol</name>
         <load_address>0x20009a3c</load_address>
         <run_address>0x20009a3c</run_address>
         <size>0x6e</size>
         <input_file_ref idref="fl-15b"/>
      </object_component>
      <object_component id="oc-5f5">
         <name>.text:_sl_HandleAsync_Connect</name>
         <load_address>0x20009aac</load_address>
         <run_address>0x20009aac</run_address>
         <size>0x6c</size>
         <input_file_ref idref="fl-15b"/>
      </object_component>
      <object_component id="oc-5ef">
         <name>.text:_sl_HandleAsync_Accept</name>
         <load_address>0x20009b18</load_address>
         <run_address>0x20009b18</run_address>
         <size>0x68</size>
         <input_file_ref idref="fl-15b"/>
      </object_component>
      <object_component id="oc-607">
         <name>.text:_sl_HandleAsync_DnsGetHostByService</name>
         <load_address>0x20009b80</load_address>
         <run_address>0x20009b80</run_address>
         <size>0x68</size>
         <input_file_ref idref="fl-158"/>
      </object_component>
      <object_component id="oc-3a2">
         <name>.text:uDMAChannelAttributeDisable</name>
         <load_address>0x20009be8</load_address>
         <run_address>0x20009be8</run_address>
         <size>0x64</size>
         <input_file_ref idref="fl-163"/>
      </object_component>
      <object_component id="oc-3ae">
         <name>.text:uDMAChannelAttributeEnable</name>
         <load_address>0x20009c4c</load_address>
         <run_address>0x20009c4c</run_address>
         <size>0x64</size>
         <input_file_ref idref="fl-163"/>
      </object_component>
      <object_component id="oc-294">
         <name>.text:_SlDrvDriverCBDeinit</name>
         <load_address>0x20009cb0</load_address>
         <run_address>0x20009cb0</run_address>
         <size>0x60</size>
         <input_file_ref idref="fl-156"/>
      </object_component>
      <object_component id="oc-5d">
         <name>.text</name>
         <load_address>0x20009d10</load_address>
         <run_address>0x20009d10</run_address>
         <size>0x5e</size>
         <input_file_ref idref="fl-138"/>
      </object_component>
      <object_component id="oc-5fb">
         <name>.text:_sl_HandleAsync_Select</name>
         <load_address>0x20009d70</load_address>
         <run_address>0x20009d70</run_address>
         <size>0x5c</size>
         <input_file_ref idref="fl-15b"/>
      </object_component>
      <object_component id="oc-12b">
         <name>.text:sl_Bind</name>
         <load_address>0x20009dcc</load_address>
         <run_address>0x20009dcc</run_address>
         <size>0x5c</size>
         <input_file_ref idref="fl-15b"/>
      </object_component>
      <object_component id="oc-582">
         <name>.text</name>
         <load_address>0x20009e28</load_address>
         <run_address>0x20009e28</run_address>
         <size>0x5a</size>
         <input_file_ref idref="fl-150"/>
      </object_component>
      <object_component id="oc-481">
         <name>.text:IntPendClear</name>
         <load_address>0x20009e84</load_address>
         <run_address>0x20009e84</run_address>
         <size>0x58</size>
         <input_file_ref idref="fl-15e"/>
      </object_component>
      <object_component id="oc-324">
         <name>.text:PRCMPeripheralReset</name>
         <load_address>0x20009edc</load_address>
         <run_address>0x20009edc</run_address>
         <size>0x58</size>
         <input_file_ref idref="fl-160"/>
      </object_component>
      <object_component id="oc-613">
         <name>.text:_sl_HandleAsync_Stop</name>
         <load_address>0x20009f34</load_address>
         <run_address>0x20009f34</run_address>
         <size>0x58</size>
         <input_file_ref idref="fl-155"/>
      </object_component>
      <object_component id="oc-456">
         <name>.text:IntPrioritySet</name>
         <load_address>0x20009f8c</load_address>
         <run_address>0x20009f8c</run_address>
         <size>0x54</size>
         <input_file_ref idref="fl-15e"/>
      </object_component>
      <object_component id="oc-6cd">
         <name>.text:sl_NetAppSendTokenValue</name>
         <load_address>0x20009fe0</load_address>
         <run_address>0x20009fe0</run_address>
         <size>0x54</size>
         <input_file_ref idref="fl-158"/>
      </object_component>
      <object_component id="oc-194">
         <name>.text:SPIIntDisable</name>
         <load_address>0x2000a034</load_address>
         <run_address>0x2000a034</run_address>
         <size>0x4c</size>
         <input_file_ref idref="fl-161"/>
      </object_component>
      <object_component id="oc-312">
         <name>.text:SPIIntEnable</name>
         <load_address>0x2000a080</load_address>
         <run_address>0x2000a080</run_address>
         <size>0x4c</size>
         <input_file_ref idref="fl-161"/>
      </object_component>
      <object_component id="oc-50e">
         <name>.text:SPIIntNumberGet</name>
         <load_address>0x2000a0cc</load_address>
         <run_address>0x2000a0cc</run_address>
         <size>0x4c</size>
         <input_file_ref idref="fl-161"/>
      </object_component>
      <object_component id="oc-59e">
         <name>.text</name>
         <load_address>0x2000a118</load_address>
         <run_address>0x2000a118</run_address>
         <size>0x4c</size>
         <input_file_ref idref="fl-145"/>
      </object_component>
      <object_component id="oc-137">
         <name>.text:sl_SetSockOpt</name>
         <load_address>0x2000a164</load_address>
         <run_address>0x2000a164</run_address>
         <size>0x4c</size>
         <input_file_ref idref="fl-15b"/>
      </object_component>
      <object_component id="oc-39c">
         <name>.text:uDMAChannelAssign</name>
         <load_address>0x2000a1b0</load_address>
         <run_address>0x2000a1b0</run_address>
         <size>0x4c</size>
         <input_file_ref idref="fl-163"/>
      </object_component>
      <object_component id="oc-2ee">
         <name>.text:uDMAChannelModeGet</name>
         <load_address>0x2000a1fc</load_address>
         <run_address>0x2000a1fc</run_address>
         <size>0x4c</size>
         <input_file_ref idref="fl-163"/>
      </object_component>
      <object_component id="oc-261">
         <name>.text:_sl_GetStartResponseConvert</name>
         <load_address>0x2000a248</load_address>
         <run_address>0x2000a248</run_address>
         <size>0x4a</size>
         <input_file_ref idref="fl-155"/>
      </object_component>
      <object_component id="oc-19a">
         <name>.text:SPIIntClear</name>
         <load_address>0x2000a294</load_address>
         <run_address>0x2000a294</run_address>
         <size>0x48</size>
         <input_file_ref idref="fl-161"/>
      </object_component>
      <object_component id="oc-57d">
         <name>.text</name>
         <load_address>0x2000a2dc</load_address>
         <run_address>0x2000a2dc</run_address>
         <size>0x48</size>
         <input_file_ref idref="fl-14d"/>
      </object_component>
      <object_component id="oc-100">
         <name>.text:sl_WlanSet</name>
         <load_address>0x2000a324</load_address>
         <run_address>0x2000a324</run_address>
         <size>0x48</size>
         <input_file_ref idref="fl-15c"/>
      </object_component>
      <object_component id="oc-3f4">
         <name>.text:SPIDmaMaskGet</name>
         <load_address>0x2000a36c</load_address>
         <run_address>0x2000a36c</run_address>
         <size>0x44</size>
         <input_file_ref idref="fl-161"/>
      </object_component>
      <object_component id="oc-18e">
         <name>.text</name>
         <load_address>0x2000a3b0</load_address>
         <run_address>0x2000a3b0</run_address>
         <size>0x44</size>
         <input_file_ref idref="fl-3"/>
      </object_component>
      <object_component id="oc-76">
         <name>.text</name>
         <load_address>0x2000a3f4</load_address>
         <run_address>0x2000a3f4</run_address>
         <size>0x44</size>
         <input_file_ref idref="fl-147"/>
      </object_component>
      <object_component id="oc-40">
         <name>.text</name>
         <load_address>0x2000a438</load_address>
         <run_address>0x2000a438</run_address>
         <size>0x44</size>
         <input_file_ref idref="fl-13a"/>
      </object_component>
      <object_component id="oc-642">
         <name>.text</name>
         <load_address>0x2000a47c</load_address>
         <run_address>0x2000a47c</run_address>
         <size>0x44</size>
         <input_file_ref idref="fl-154"/>
      </object_component>
      <object_component id="oc-fa">
         <name>.text:sl_NetCfgSet</name>
         <load_address>0x2000a4c0</load_address>
         <run_address>0x2000a4c0</run_address>
         <size>0x44</size>
         <input_file_ref idref="fl-159"/>
      </object_component>
      <object_component id="oc-54b">
         <name>.text:PinModeSet</name>
         <load_address>0x2000a504</load_address>
         <run_address>0x2000a504</run_address>
         <size>0x40</size>
         <input_file_ref idref="fl-15f"/>
      </object_component>
      <object_component id="oc-26a">
         <name>.text:_SlDrvRxIrqHandler</name>
         <load_address>0x2000a544</load_address>
         <run_address>0x2000a544</run_address>
         <size>0x40</size>
         <input_file_ref idref="fl-156"/>
      </object_component>
      <object_component id="oc-d0">
         <name>.text:_SlNonOsMainLoopTask</name>
         <load_address>0x2000a584</load_address>
         <run_address>0x2000a584</run_address>
         <size>0x40</size>
         <input_file_ref idref="fl-15a"/>
      </object_component>
      <object_component id="oc-489">
         <name>.text:_SlRemoveFromList</name>
         <load_address>0x2000a5c4</load_address>
         <run_address>0x2000a5c4</run_address>
         <size>0x40</size>
         <input_file_ref idref="fl-156"/>
      </object_component>
      <object_component id="oc-e8">
         <name>.text:sl_WlanPolicySet</name>
         <load_address>0x2000a604</load_address>
         <run_address>0x2000a604</run_address>
         <size>0x40</size>
         <input_file_ref idref="fl-15c"/>
      </object_component>
      <object_component id="oc-112">
         <name>.text:sl_WlanRxFilterSet</name>
         <load_address>0x2000a644</load_address>
         <run_address>0x2000a644</run_address>
         <size>0x40</size>
         <input_file_ref idref="fl-15c"/>
      </object_component>
      <object_component id="oc-249">
         <name>.text:NwpPowerOff</name>
         <load_address>0x2000a684</load_address>
         <run_address>0x2000a684</run_address>
         <size>0x3c</size>
         <input_file_ref idref="fl-15d"/>
      </object_component>
      <object_component id="oc-31e">
         <name>.text:PRCMPeripheralClkEnable</name>
         <load_address>0x2000a6c0</load_address>
         <run_address>0x2000a6c0</run_address>
         <size>0x3c</size>
         <input_file_ref idref="fl-160"/>
      </object_component>
      <object_component id="oc-42b">
         <name>.text:_SlDrvObjInit</name>
         <load_address>0x2000a6fc</load_address>
         <run_address>0x2000a6fc</run_address>
         <size>0x3c</size>
         <input_file_ref idref="fl-156"/>
      </object_component>
      <object_component id="oc-3a8">
         <name>.text:uDMAChannelControlSet</name>
         <load_address>0x2000a738</load_address>
         <run_address>0x2000a738</run_address>
         <size>0x3c</size>
         <input_file_ref idref="fl-163"/>
      </object_component>
      <object_component id="oc-24f">
         <name>.text:NwpRegisterInterruptHandler</name>
         <load_address>0x2000a774</load_address>
         <run_address>0x2000a774</run_address>
         <size>0x38</size>
         <input_file_ref idref="fl-15d"/>
      </object_component>
      <object_component id="oc-11f">
         <name>.text:sl_Htonl</name>
         <load_address>0x2000a7ac</load_address>
         <run_address>0x2000a7ac</run_address>
         <size>0x38</size>
         <input_file_ref idref="fl-15b"/>
      </object_component>
      <object_component id="oc-43e">
         <name>.text:PRCMPeripheralStatusGet</name>
         <load_address>0x2000a7e4</load_address>
         <run_address>0x2000a7e4</run_address>
         <size>0x34</size>
         <input_file_ref idref="fl-160"/>
      </object_component>
      <object_component id="oc-44a">
         <name>.text:SPIFIFOLevelSet</name>
         <load_address>0x2000a818</load_address>
         <run_address>0x2000a818</run_address>
         <size>0x34</size>
         <input_file_ref idref="fl-161"/>
      </object_component>
      <object_component id="oc-2ab">
         <name>.text:_SlDrvBasicCmd</name>
         <load_address>0x2000a84c</load_address>
         <run_address>0x2000a84c</run_address>
         <size>0x34</size>
         <input_file_ref idref="fl-156"/>
      </object_component>
      <object_component id="oc-11">
         <name>.text</name>
         <load_address>0x2000a880</load_address>
         <run_address>0x2000a880</run_address>
         <size>0x34</size>
         <input_file_ref idref="fl-136"/>
      </object_component>
      <object_component id="oc-119">
         <name>.text:sl_Htons</name>
         <load_address>0x2000a8b4</load_address>
         <run_address>0x2000a8b4</run_address>
         <size>0x34</size>
         <input_file_ref idref="fl-15b"/>
      </object_component>
      <object_component id="oc-255">
         <name>.text:NwpPowerOn</name>
         <load_address>0x2000a8e8</load_address>
         <run_address>0x2000a8e8</run_address>
         <size>0x30</size>
         <input_file_ref idref="fl-15d"/>
      </object_component>
      <object_component id="oc-400">
         <name>.text:UARTDisable</name>
         <load_address>0x2000a918</load_address>
         <run_address>0x2000a918</run_address>
         <size>0x30</size>
         <input_file_ref idref="fl-162"/>
      </object_component>
      <object_component id="oc-4e0">
         <name>.text:_SlDrvFlowContDeinit</name>
         <load_address>0x2000a948</load_address>
         <run_address>0x2000a948</run_address>
         <size>0x30</size>
         <input_file_ref idref="fl-157"/>
      </object_component>
      <object_component id="oc-431">
         <name>.text:_SlDrvFlowContInit</name>
         <load_address>0x2000a978</load_address>
         <run_address>0x2000a978</run_address>
         <size>0x30</size>
         <input_file_ref idref="fl-157"/>
      </object_component>
      <object_component id="oc-23d">
         <name>.text:_SlNonOsSemGet</name>
         <load_address>0x2000a9a8</load_address>
         <run_address>0x2000a9a8</run_address>
         <size>0x30</size>
         <input_file_ref idref="fl-15a"/>
      </object_component>
      <object_component id="oc-125">
         <name>.text:sl_Socket</name>
         <load_address>0x2000a9d8</load_address>
         <run_address>0x2000a9d8</run_address>
         <size>0x30</size>
         <input_file_ref idref="fl-15b"/>
      </object_component>
      <object_component id="oc-588">
         <name>.text</name>
         <load_address>0x2000aa08</load_address>
         <run_address>0x2000aa08</run_address>
         <size>0x2e</size>
         <input_file_ref idref="fl-14e"/>
      </object_component>
      <object_component id="oc-366">
         <name>.text:PRCMSysResetCauseGet</name>
         <load_address>0x2000aa38</load_address>
         <run_address>0x2000aa38</run_address>
         <size>0x2c</size>
         <input_file_ref idref="fl-160"/>
      </object_component>
      <object_component id="oc-360">
         <name>.text:PRCMPeripheralClkDisable</name>
         <load_address>0x2000aa64</load_address>
         <run_address>0x2000aa64</run_address>
         <size>0x28</size>
         <input_file_ref idref="fl-160"/>
      </object_component>
      <object_component id="oc-2d9">
         <name>.text:_sl_BuildAddress</name>
         <load_address>0x2000aa8c</load_address>
         <run_address>0x2000aa8c</run_address>
         <size>0x28</size>
         <input_file_ref idref="fl-15b"/>
      </object_component>
      <object_component id="oc-d6">
         <name>.text:sl_WlanSetMode</name>
         <load_address>0x2000aab4</load_address>
         <run_address>0x2000aab4</run_address>
         <size>0x28</size>
         <input_file_ref idref="fl-15c"/>
      </object_component>
      <object_component id="oc-45f">
         <name>.text:DmaSpiSwIntHandler</name>
         <load_address>0x2000aadc</load_address>
         <run_address>0x2000aadc</run_address>
         <size>0x24</size>
         <input_file_ref idref="fl-15d"/>
      </object_component>
      <object_component id="oc-47b">
         <name>.text:IntUnregister</name>
         <load_address>0x2000ab00</load_address>
         <run_address>0x2000ab00</run_address>
         <size>0x24</size>
         <input_file_ref idref="fl-15e"/>
      </object_component>
      <object_component id="oc-406">
         <name>.text:UARTEnable</name>
         <load_address>0x2000ab24</load_address>
         <run_address>0x2000ab24</run_address>
         <size>0x24</size>
         <input_file_ref idref="fl-162"/>
      </object_component>
      <object_component id="oc-1f5">
         <name>.text</name>
         <load_address>0x2000ab48</load_address>
         <run_address>0x2000ab48</run_address>
         <size>0x24</size>
         <input_file_ref idref="fl-13c"/>
      </object_component>
      <object_component id="oc-131">
         <name>.text:sl_Close</name>
         <load_address>0x2000ab6c</load_address>
         <run_address>0x2000ab6c</run_address>
         <size>0x24</size>
         <input_file_ref idref="fl-15b"/>
      </object_component>
      <object_component id="oc-ee">
         <name>.text:sl_WlanProfileDel</name>
         <load_address>0x2000ab90</load_address>
         <run_address>0x2000ab90</run_address>
         <size>0x24</size>
         <input_file_ref idref="fl-15c"/>
      </object_component>
      <object_component id="oc-2fa">
         <name>.text:SPIReset</name>
         <load_address>0x2000abb4</load_address>
         <run_address>0x2000abb4</run_address>
         <size>0x22</size>
         <input_file_ref idref="fl-161"/>
      </object_component>
      <object_component id="oc-680">
         <name>.text:SPIWordCountSet</name>
         <load_address>0x2000abd6</load_address>
         <run_address>0x2000abd6</run_address>
         <size>0x22</size>
         <input_file_ref idref="fl-161"/>
      </object_component>
      <object_component id="oc-450">
         <name>.text:IntRegister</name>
         <load_address>0x2000abf8</load_address>
         <run_address>0x2000abf8</run_address>
         <size>0x20</size>
         <input_file_ref idref="fl-15e"/>
      </object_component>
      <object_component id="oc-6dc">
         <name>.text:_SlDrvCmdSend</name>
         <load_address>0x2000ac18</load_address>
         <run_address>0x2000ac18</run_address>
         <size>0x20</size>
         <input_file_ref idref="fl-156"/>
      </object_component>
      <object_component id="oc-49e">
         <name>.text:_SlNonOsSpawn</name>
         <load_address>0x2000ac38</load_address>
         <run_address>0x2000ac38</run_address>
         <size>0x20</size>
         <input_file_ref idref="fl-15a"/>
      </object_component>
      <object_component id="oc-2e8">
         <name>.text:SPIDataPut</name>
         <load_address>0x2000ac58</load_address>
         <run_address>0x2000ac58</run_address>
         <size>0x1e</size>
         <input_file_ref idref="fl-161"/>
      </object_component>
      <object_component id="oc-306">
         <name>.text:SPIIntRegister</name>
         <load_address>0x2000ac76</load_address>
         <run_address>0x2000ac76</run_address>
         <size>0x1e</size>
         <input_file_ref idref="fl-161"/>
      </object_component>
      <object_component id="oc-1e3">
         <name>.text:UARTCharPut</name>
         <load_address>0x2000ac94</load_address>
         <run_address>0x2000ac94</run_address>
         <size>0x1e</size>
         <input_file_ref idref="fl-162"/>
      </object_component>
      <object_component id="oc-4e6">
         <name>.text:_SlDrvObjDeInit</name>
         <load_address>0x2000acb4</load_address>
         <run_address>0x2000acb4</run_address>
         <size>0x1c</size>
         <input_file_ref idref="fl-156"/>
      </object_component>
      <object_component id="oc-598">
         <name>.text</name>
         <load_address>0x2000acd0</load_address>
         <run_address>0x2000acd0</run_address>
         <size>0x1c</size>
         <input_file_ref idref="fl-151"/>
      </object_component>
      <object_component id="oc-3c6">
         <name>.text:uDMAChannelDisable</name>
         <load_address>0x2000acec</load_address>
         <run_address>0x2000acec</run_address>
         <size>0x1c</size>
         <input_file_ref idref="fl-163"/>
      </object_component>
      <object_component id="oc-3ba">
         <name>.text:uDMAChannelEnable</name>
         <load_address>0x2000ad08</load_address>
         <run_address>0x2000ad08</run_address>
         <size>0x1c</size>
         <input_file_ref idref="fl-163"/>
      </object_component>
      <object_component id="oc-3c0">
         <name>.text:uDMAChannelRequest</name>
         <load_address>0x2000ad24</load_address>
         <run_address>0x2000ad24</run_address>
         <size>0x1c</size>
         <input_file_ref idref="fl-163"/>
      </object_component>
      <object_component id="oc-68d">
         <name>.text:CopyPingResultsToReport</name>
         <load_address>0x2000ad40</load_address>
         <run_address>0x2000ad40</run_address>
         <size>0x1a</size>
         <input_file_ref idref="fl-158"/>
      </object_component>
      <object_component id="oc-3ed">
         <name>.text:PinTypeSPI</name>
         <load_address>0x2000ad5a</load_address>
         <run_address>0x2000ad5a</run_address>
         <size>0x1a</size>
         <input_file_ref idref="fl-15f"/>
      </object_component>
      <object_component id="oc-3e7">
         <name>.text:PinTypeUART</name>
         <load_address>0x2000ad74</load_address>
         <run_address>0x2000ad74</run_address>
         <size>0x1a</size>
         <input_file_ref idref="fl-15f"/>
      </object_component>
      <object_component id="oc-4d8">
         <name>.text:SPIDmaDisable</name>
         <load_address>0x2000ad8e</load_address>
         <run_address>0x2000ad8e</run_address>
         <size>0x1a</size>
         <input_file_ref idref="fl-161"/>
      </object_component>
      <object_component id="oc-30c">
         <name>.text:SPIDmaEnable</name>
         <load_address>0x2000ada8</load_address>
         <run_address>0x2000ada8</run_address>
         <size>0x1a</size>
         <input_file_ref idref="fl-161"/>
      </object_component>
      <object_component id="oc-4d2">
         <name>.text:SPIFIFODisable</name>
         <load_address>0x2000adc2</load_address>
         <run_address>0x2000adc2</run_address>
         <size>0x1a</size>
         <input_file_ref idref="fl-161"/>
      </object_component>
      <object_component id="oc-444">
         <name>.text:SPIFIFOEnable</name>
         <load_address>0x2000addc</load_address>
         <run_address>0x2000addc</run_address>
         <size>0x1a</size>
         <input_file_ref idref="fl-161"/>
      </object_component>
      <object_component id="oc-4cc">
         <name>.text:SPIIntUnregister</name>
         <load_address>0x2000adf6</load_address>
         <run_address>0x2000adf6</run_address>
         <size>0x1a</size>
         <input_file_ref idref="fl-161"/>
      </object_component>
      <object_component id="oc-6b2">
         <name>.text:_SlDrvDeviceEventHandler</name>
         <load_address>0x2000ae10</load_address>
         <run_address>0x2000ae10</run_address>
         <size>0x1a</size>
         <input_file_ref idref="fl-155"/>
      </object_component>
      <object_component id="oc-438">
         <name>.text:SPICSDisable</name>
         <load_address>0x2000ae2a</load_address>
         <run_address>0x2000ae2a</run_address>
         <size>0x18</size>
         <input_file_ref idref="fl-161"/>
      </object_component>
      <object_component id="oc-67a">
         <name>.text:SPICSEnable</name>
         <load_address>0x2000ae42</load_address>
         <run_address>0x2000ae42</run_address>
         <size>0x18</size>
         <input_file_ref idref="fl-161"/>
      </object_component>
      <object_component id="oc-2f4">
         <name>.text:SPIDisable</name>
         <load_address>0x2000ae5a</load_address>
         <run_address>0x2000ae5a</run_address>
         <size>0x18</size>
         <input_file_ref idref="fl-161"/>
      </object_component>
      <object_component id="oc-318">
         <name>.text:SPIEnable</name>
         <load_address>0x2000ae72</load_address>
         <run_address>0x2000ae72</run_address>
         <size>0x18</size>
         <input_file_ref idref="fl-161"/>
      </object_component>
      <object_component id="oc-3a">
         <name>.text</name>
         <load_address>0x2000ae8c</load_address>
         <run_address>0x2000ae8c</run_address>
         <size>0x18</size>
         <input_file_ref idref="fl-144"/>
      </object_component>
      <object_component id="oc-564">
         <name>.text</name>
         <load_address>0x2000aea4</load_address>
         <run_address>0x2000aea4</run_address>
         <size>0x18</size>
         <input_file_ref idref="fl-14f"/>
      </object_component>
      <object_component id="oc-354">
         <name>.text:PRCMHIBRegRead</name>
         <load_address>0x2000aebc</load_address>
         <run_address>0x2000aebc</run_address>
         <size>0x16</size>
         <input_file_ref idref="fl-160"/>
      </object_component>
      <object_component id="oc-35a">
         <name>.text:PRCMHIBRegWrite</name>
         <load_address>0x2000aed2</load_address>
         <run_address>0x2000aed2</run_address>
         <size>0x16</size>
         <input_file_ref idref="fl-160"/>
      </object_component>
      <object_component id="oc-1ef">
         <name>.text:UARTCharGet</name>
         <load_address>0x2000aee8</load_address>
         <run_address>0x2000aee8</run_address>
         <size>0x16</size>
         <input_file_ref idref="fl-162"/>
      </object_component>
      <object_component id="oc-38a">
         <name>.text:uDMAIntRegister</name>
         <load_address>0x2000aefe</load_address>
         <run_address>0x2000aefe</run_address>
         <size>0x16</size>
         <input_file_ref idref="fl-163"/>
      </object_component>
      <object_component id="oc-349">
         <name>.text:CPUcpsie</name>
         <load_address>0x2000af14</load_address>
         <run_address>0x2000af14</run_address>
         <size>0x14</size>
         <input_file_ref idref="fl-165"/>
      </object_component>
      <object_component id="oc-15c">
         <name>.text:IntVTableBaseSet</name>
         <load_address>0x2000af28</load_address>
         <run_address>0x2000af28</run_address>
         <size>0x14</size>
         <input_file_ref idref="fl-15e"/>
      </object_component>
      <object_component id="oc-6a5">
         <name>.text:_SlDrvShiftDWord</name>
         <load_address>0x2000af3c</load_address>
         <run_address>0x2000af3c</run_address>
         <size>0x14</size>
         <input_file_ref idref="fl-156"/>
      </object_component>
      <object_component id="oc-1c2">
         <name>.text</name>
         <load_address>0x2000af50</load_address>
         <run_address>0x2000af50</run_address>
         <size>0x14</size>
         <input_file_ref idref="fl-142"/>
      </object_component>
      <object_component id="oc-150">
         <name>.text</name>
         <load_address>0x2000af64</load_address>
         <run_address>0x2000af64</run_address>
         <size>0x14</size>
         <input_file_ref idref="fl-140"/>
      </object_component>
      <object_component id="oc-396">
         <name>.text:uDMAControlBaseSet</name>
         <load_address>0x2000af78</load_address>
         <run_address>0x2000af78</run_address>
         <size>0x14</size>
         <input_file_ref idref="fl-163"/>
      </object_component>
      <object_component id="oc-384">
         <name>.text:uDMAIntClear</name>
         <load_address>0x2000af8c</load_address>
         <run_address>0x2000af8c</run_address>
         <size>0x14</size>
         <input_file_ref idref="fl-163"/>
      </object_component>
      <object_component id="oc-1c">
         <name>.text:decompress:ZI</name>
         <load_address>0x2000afa0</load_address>
         <run_address>0x2000afa0</run_address>
         <size>0x12</size>
         <input_file_ref idref="fl-139"/>
      </object_component>
      <object_component id="oc-106">
         <name>.text:sl_NetAppMDNSUnRegisterService</name>
         <load_address>0x2000afb2</load_address>
         <run_address>0x2000afb2</run_address>
         <size>0x12</size>
         <input_file_ref idref="fl-158"/>
      </object_component>
      <object_component id="oc-3cc">
         <name>.text:uDMAIntUnregister</name>
         <load_address>0x2000afc4</load_address>
         <run_address>0x2000afc4</run_address>
         <size>0x12</size>
         <input_file_ref idref="fl-163"/>
      </object_component>
      <object_component id="oc-498">
         <name>.text:NwpMaskInterrupt</name>
         <load_address>0x2000afd8</load_address>
         <run_address>0x2000afd8</run_address>
         <size>0x10</size>
         <input_file_ref idref="fl-15d"/>
      </object_component>
      <object_component id="oc-16">
         <name>.text:decompress:none</name>
         <load_address>0x2000afe8</load_address>
         <run_address>0x2000afe8</run_address>
         <size>0xe</size>
         <input_file_ref idref="fl-137"/>
      </object_component>
      <object_component id="oc-592">
         <name>.text</name>
         <load_address>0x2000aff6</load_address>
         <run_address>0x2000aff6</run_address>
         <size>0xe</size>
         <input_file_ref idref="fl-153"/>
      </object_component>
      <object_component id="oc-2c">
         <name>.text</name>
         <load_address>0x2000b004</load_address>
         <run_address>0x2000b004</run_address>
         <size>0xe</size>
         <input_file_ref idref="fl-5"/>
      </object_component>
      <object_component id="oc-672">
         <name>.text:NwpUnMaskInterrupt</name>
         <load_address>0x2000b014</load_address>
         <run_address>0x2000b014</run_address>
         <size>0xc</size>
         <input_file_ref idref="fl-15d"/>
      </object_component>
      <object_component id="oc-3d2">
         <name>.text:uDMADisable</name>
         <load_address>0x2000b020</load_address>
         <run_address>0x2000b020</run_address>
         <size>0xc</size>
         <input_file_ref idref="fl-163"/>
      </object_component>
      <object_component id="oc-390">
         <name>.text:uDMAEnable</name>
         <load_address>0x2000b02c</load_address>
         <run_address>0x2000b02c</run_address>
         <size>0xc</size>
         <input_file_ref idref="fl-163"/>
      </object_component>
      <object_component id="oc-37e">
         <name>.text:uDMAIntStatus</name>
         <load_address>0x2000b038</load_address>
         <run_address>0x2000b038</run_address>
         <size>0xc</size>
         <input_file_ref idref="fl-163"/>
      </object_component>
      <object_component id="oc-162">
         <name>.text:IntMasterEnable</name>
         <load_address>0x2000b044</load_address>
         <run_address>0x2000b044</run_address>
         <size>0xa</size>
         <input_file_ref idref="fl-15e"/>
      </object_component>
      <object_component id="oc-243">
         <name>.text:_SlNonOsSemSet</name>
         <load_address>0x2000b04e</load_address>
         <run_address>0x2000b04e</run_address>
         <size>0x8</size>
         <input_file_ref idref="fl-15a"/>
      </object_component>
      <object_component id="oc-f4">
         <name>.text:sl_WlanDisconnect</name>
         <load_address>0x2000b056</load_address>
         <run_address>0x2000b056</run_address>
         <size>0x8</size>
         <input_file_ref idref="fl-15c"/>
      </object_component>
      <object_component id="oc-429">
         <name>.text:UtilsDelay</name>
         <load_address>0x2000b05e</load_address>
         <run_address>0x2000b05e</run_address>
         <size>0x6</size>
         <input_file_ref idref="fl-164"/>
      </object_component>
      <object_component id="oc-22">
         <name>.text:decompress:rle24</name>
         <load_address>0x2000b064</load_address>
         <run_address>0x2000b064</run_address>
         <size>0x6</size>
         <input_file_ref idref="fl-138"/>
      </object_component>
      <object_component id="oc-64b">
         <name>.const:.string:_ctypes_</name>
         <load_address>0x2000b06c</load_address>
         <run_address>0x2000b06c</run_address>
         <size>0x102</size>
         <input_file_ref idref="fl-148"/>
      </object_component>
      <object_component id="oc-630">
         <name>.const:g_ulPinToPadMap</name>
         <load_address>0x2000b170</load_address>
         <run_address>0x2000b170</run_address>
         <size>0x100</size>
         <input_file_ref idref="fl-15f"/>
      </object_component>
      <object_component id="oc-283">
         <name>.const</name>
         <load_address>0x2000b270</load_address>
         <run_address>0x2000b270</run_address>
         <size>0xec</size>
         <input_file_ref idref="fl-15c"/>
      </object_component>
      <object_component id="oc-5bd">
         <name>.const:g_pulRegs</name>
         <load_address>0x2000b35c</load_address>
         <run_address>0x2000b35c</run_address>
         <size>0xd4</size>
         <input_file_ref idref="fl-15e"/>
      </object_component>
      <object_component id="oc-519">
         <name>.const:PRCM_PeriphRegsList</name>
         <load_address>0x2000b430</load_address>
         <run_address>0x2000b430</run_address>
         <size>0xa8</size>
         <input_file_ref idref="fl-160"/>
      </object_component>
      <object_component id="oc-350">
         <name>.const</name>
         <load_address>0x2000b4d8</load_address>
         <run_address>0x2000b4d8</run_address>
         <size>0x80</size>
         <input_file_ref idref="fl-15e"/>
      </object_component>
      <object_component id="oc-4ef">
         <name>.const</name>
         <load_address>0x2000b558</load_address>
         <run_address>0x2000b558</run_address>
         <size>0x4c</size>
         <input_file_ref idref="fl-156"/>
      </object_component>
      <object_component id="oc-2ce">
         <name>.const</name>
         <load_address>0x2000b5a4</load_address>
         <run_address>0x2000b5a4</run_address>
         <size>0x34</size>
         <input_file_ref idref="fl-15b"/>
      </object_component>
      <object_component id="oc-10c">
         <name>.const:$P$T1$2</name>
         <load_address>0x2000b5d8</load_address>
         <run_address>0x2000b5d8</run_address>
         <size>0x2c</size>
         <input_file_ref idref="fl-2"/>
      </object_component>
      <object_component id="oc-4f7">
         <name>.const</name>
         <load_address>0x2000b604</load_address>
         <run_address>0x2000b604</run_address>
         <size>0x28</size>
         <input_file_ref idref="fl-158"/>
      </object_component>
      <object_component id="oc-61f">
         <name>.const:g_ppulSPIIntMap</name>
         <load_address>0x2000b62c</load_address>
         <run_address>0x2000b62c</run_address>
         <size>0x24</size>
         <input_file_ref idref="fl-161"/>
      </object_component>
      <object_component id="oc-118">
         <name>.const:.string:$P$T0$1</name>
         <load_address>0x2000b650</load_address>
         <run_address>0x2000b650</run_address>
         <size>0x22</size>
         <input_file_ref idref="fl-2"/>
      </object_component>
      <object_component id="oc-10f">
         <name>.const</name>
         <load_address>0x2000b674</load_address>
         <run_address>0x2000b674</run_address>
         <size>0x20</size>
         <input_file_ref idref="fl-2"/>
      </object_component>
      <object_component id="oc-559">
         <name>.const</name>
         <load_address>0x2000b694</load_address>
         <run_address>0x2000b694</run_address>
         <size>0x18</size>
         <input_file_ref idref="fl-161"/>
      </object_component>
      <object_component id="oc-14f">
         <name>.const:.string</name>
         <load_address>0x2000b6ac</load_address>
         <run_address>0x2000b6ac</run_address>
         <size>0x16</size>
         <input_file_ref idref="fl-2"/>
      </object_component>
      <object_component id="oc-29a">
         <name>.const</name>
         <load_address>0x2000b6c4</load_address>
         <run_address>0x2000b6c4</run_address>
         <size>0x14</size>
         <input_file_ref idref="fl-155"/>
      </object_component>
      <object_component id="oc-2b2">
         <name>.const</name>
         <load_address>0x2000b6d8</load_address>
         <run_address>0x2000b6d8</run_address>
         <size>0x8</size>
         <input_file_ref idref="fl-159"/>
      </object_component>
      <object_component id="oc-703">
         <name>.cinit..data.load</name>
         <load_address>0x2000b6e0</load_address>
         <run_address>0x2000b6e0</run_address>
         <size>0x4c</size>
      </object_component>
      <object_component id="oc-701">
         <name>__TI_handler_table</name>
         <load_address>0x2000b72c</load_address>
         <run_address>0x2000b72c</run_address>
         <size>0xc</size>
      </object_component>
      <object_component id="oc-704">
         <name>.cinit..bss.load</name>
         <load_address>0x2000b738</load_address>
         <run_address>0x2000b738</run_address>
         <size>0x8</size>
      </object_component>
      <object_component id="oc-702">
         <name>__TI_cinit_table</name>
         <load_address>0x2000b740</load_address>
         <run_address>0x2000b740</run_address>
         <size>0x10</size>
      </object_component>
      <object_component id="oc-46">
         <name>.data</name>
         <load_address>0x2001964c</load_address>
         <run_address>0x2001964c</run_address>
         <size>0x4</size>
         <input_file_ref idref="fl-13f"/>
      </object_component>
      <object_component id="oc-85">
         <name>.data</name>
         <load_address>0x2001963c</load_address>
         <run_address>0x2001963c</run_address>
         <size>0x8</size>
         <input_file_ref idref="fl-142"/>
      </object_component>
      <object_component id="oc-88">
         <name>.data</name>
         <load_address>0x20019644</load_address>
         <run_address>0x20019644</run_address>
         <size>0x8</size>
         <input_file_ref idref="fl-13a"/>
      </object_component>
      <object_component id="oc-bb">
         <name>.data</name>
         <load_address>0x200195cc</load_address>
         <run_address>0x200195cc</run_address>
         <size>0x34</size>
         <input_file_ref idref="fl-2"/>
      </object_component>
      <object_component id="oc-179">
         <name>.data</name>
         <load_address>0x20019600</load_address>
         <run_address>0x20019600</run_address>
         <size>0x30</size>
         <input_file_ref idref="fl-4"/>
      </object_component>
      <object_component id="oc-267">
         <name>.data</name>
         <load_address>0x20019400</load_address>
         <run_address>0x20019400</run_address>
         <size>0x170</size>
         <input_file_ref idref="fl-156"/>
      </object_component>
      <object_component id="oc-423">
         <name>.data</name>
         <load_address>0x20019630</load_address>
         <run_address>0x20019630</run_address>
         <size>0xc</size>
         <input_file_ref idref="fl-13d"/>
      </object_component>
      <object_component id="oc-45c">
         <name>.data</name>
         <load_address>0x20019570</load_address>
         <run_address>0x20019570</run_address>
         <size>0x5c</size>
         <input_file_ref idref="fl-15d"/>
      </object_component>
      <object_component id="oc-be">
         <name>.bss:g_ucConnectionSSID</name>
         <uninitialized>true</uninitialized>
         <run_address>0x20018708</run_address>
         <size>0x24</size>
         <input_file_ref idref="fl-2"/>
      </object_component>
      <object_component id="oc-17c">
         <name>.bss:myStrC</name>
         <uninitialized>true</uninitialized>
         <run_address>0x20017af0</run_address>
         <size>0x578</size>
         <input_file_ref idref="fl-2"/>
      </object_component>
      <object_component id="oc-17f">
         <name>.bss:myStrA</name>
         <uninitialized>true</uninitialized>
         <run_address>0x20017000</run_address>
         <size>0x578</size>
         <input_file_ref idref="fl-4"/>
      </object_component>
      <object_component id="oc-182">
         <name>.bss:myStrD</name>
         <uninitialized>true</uninitialized>
         <run_address>0x20018068</run_address>
         <size>0x578</size>
         <input_file_ref idref="fl-2"/>
      </object_component>
      <object_component id="oc-185">
         <name>.bss:myStrB</name>
         <uninitialized>true</uninitialized>
         <run_address>0x20017578</run_address>
         <size>0x578</size>
         <input_file_ref idref="fl-4"/>
      </object_component>
      <object_component id="oc-278">
         <name>.bss:g__SlNonOsCB</name>
         <uninitialized>true</uninitialized>
         <run_address>0x200186e0</run_address>
         <size>0x28</size>
         <input_file_ref idref="fl-15a"/>
      </object_component>
      <object_component id="oc-3db">
         <name>.bss:gpCtlTbl</name>
         <uninitialized>true</uninitialized>
         <run_address>0x20018800</run_address>
         <size>0x400</size>
         <input_file_ref idref="fl-7"/>
      </object_component>
      <object_component id="oc-3de">
         <name>.bss:gfpAppCallbackHndl</name>
         <uninitialized>true</uninitialized>
         <run_address>0x200185e0</run_address>
         <size>0x100</size>
         <input_file_ref idref="fl-7"/>
      </object_component>
      <object_component id="oc-c9">
         <name>.common:g_ucConnectionBSSID</name>
         <uninitialized>true</uninitialized>
         <run_address>0x20018738</run_address>
         <size>0x8</size>
      </object_component>
      <object_component id="oc-1a0">
         <name>.common:recvfromflag</name>
         <uninitialized>true</uninitialized>
         <run_address>0x20018748</run_address>
         <size>0x4</size>
      </object_component>
      <object_component id="oc-175">
         <name>.common:udploop</name>
         <uninitialized>true</uninitialized>
         <run_address>0x20018750</run_address>
         <size>0x4</size>
      </object_component>
      <object_component id="oc-174">
         <name>.common:rx_udp_server</name>
         <uninitialized>true</uninitialized>
         <run_address>0x2001874c</run_address>
         <size>0x4</size>
      </object_component>
      <object_component id="oc-32b">
         <name>.common:ulRecvData</name>
         <uninitialized>true</uninitialized>
         <run_address>0x20018754</run_address>
         <size>0x2</size>
      </object_component>
      <object_component id="oc-176">
         <name>.common:Reset_SYNC</name>
         <uninitialized>true</uninitialized>
         <run_address>0x20018740</run_address>
         <size>0x4</size>
      </object_component>
      <object_component id="oc-32f">
         <name>.common:cmd_buffer</name>
         <uninitialized>true</uninitialized>
         <run_address>0x2001872c</run_address>
         <size>0xc</size>
      </object_component>
      <object_component id="oc-201">
         <name>.common:__Errorlog</name>
         <uninitialized>true</uninitialized>
         <run_address>0x20018744</run_address>
         <size>0x4</size>
      </object_component>
      <object_component id="oc-3d8">
         <name>.common:iDone</name>
         <uninitialized>true</uninitialized>
         <run_address>0x20018757</run_address>
         <size>0x1</size>
      </object_component>
      <object_component id="oc-6bf">
         <name>.common:g_cDummy</name>
         <uninitialized>true</uninitialized>
         <run_address>0x20018756</run_address>
         <size>0x1</size>
      </object_component>
      <object_component id="oc-29">
         <name>.sysmem</name>
         <uninitialized>true</uninitialized>
         <run_address>0x20018c00</run_address>
         <size>0x8</size>
         <input_file_ref idref="fl-13d"/>
      </object_component>
      <object_component id="oc-706">
         <name>.sysmem</name>
         <uninitialized>true</uninitialized>
         <run_address>0x20018c00</run_address>
         <size>0x0</size>
      </object_component>
      <object_component id="oc-28">
         <name>.stack</name>
         <uninitialized>true</uninitialized>
         <run_address>0x2002f800</run_address>
         <size>0x0</size>
         <input_file_ref idref="fl-136"/>
      </object_component>
      <object_component id="oc-705">
         <name>.stack</name>
         <uninitialized>true</uninitialized>
         <run_address>0x2002f800</run_address>
         <size>0x0</size>
      </object_component>
      <object_component id="oc-f">
         <name>.debug_info</name>
         <load_address>0x0</load_address>
         <run_address>0x0</run_address>
         <size>0x103</size>
         <input_file_ref idref="fl-5"/>
      </object_component>
      <object_component id="oc-12">
         <name>.debug_info</name>
         <load_address>0x103</load_address>
         <run_address>0x103</run_address>
         <size>0x109</size>
         <input_file_ref idref="fl-136"/>
      </object_component>
      <object_component id="oc-17">
         <name>.debug_info</name>
         <load_address>0x20c</load_address>
         <run_address>0x20c</run_address>
         <size>0x1aa</size>
         <input_file_ref idref="fl-137"/>
      </object_component>
      <object_component id="oc-1e">
         <name>.debug_info</name>
         <load_address>0x3b6</load_address>
         <run_address>0x3b6</run_address>
         <size>0x180</size>
         <input_file_ref idref="fl-139"/>
      </object_component>
      <object_component id="oc-26">
         <name>.debug_info</name>
         <load_address>0x536</load_address>
         <run_address>0x536</run_address>
         <size>0x1a4</size>
         <input_file_ref idref="fl-138"/>
      </object_component>
      <object_component id="oc-2a">
         <name>.debug_info</name>
         <load_address>0x6da</load_address>
         <run_address>0x6da</run_address>
         <size>0xcc</size>
         <input_file_ref idref="fl-13d"/>
      </object_component>
      <object_component id="oc-2d">
         <name>.debug_info</name>
         <load_address>0x7a6</load_address>
         <run_address>0x7a6</run_address>
         <size>0x424</size>
         <input_file_ref idref="fl-5"/>
      </object_component>
      <object_component id="oc-34">
         <name>.debug_info</name>
         <load_address>0xbca</load_address>
         <run_address>0xbca</run_address>
         <size>0x118</size>
         <input_file_ref idref="fl-5"/>
      </object_component>
      <object_component id="oc-36">
         <name>.debug_info</name>
         <load_address>0xce2</load_address>
         <run_address>0xce2</run_address>
         <size>0x153</size>
         <input_file_ref idref="fl-146"/>
      </object_component>
      <object_component id="oc-3c">
         <name>.debug_info</name>
         <load_address>0xe35</load_address>
         <run_address>0xe35</run_address>
         <size>0x132</size>
         <input_file_ref idref="fl-144"/>
      </object_component>
      <object_component id="oc-42">
         <name>.debug_info</name>
         <load_address>0xf67</load_address>
         <run_address>0xf67</run_address>
         <size>0x1d8</size>
         <input_file_ref idref="fl-13a"/>
      </object_component>
      <object_component id="oc-47">
         <name>.debug_info</name>
         <load_address>0x113f</load_address>
         <run_address>0x113f</run_address>
         <size>0xd4</size>
         <input_file_ref idref="fl-13f"/>
      </object_component>
      <object_component id="oc-4b">
         <name>.debug_info</name>
         <load_address>0x1213</load_address>
         <run_address>0x1213</run_address>
         <size>0xe2</size>
         <input_file_ref idref="fl-13b"/>
      </object_component>
      <object_component id="oc-50">
         <name>.debug_info</name>
         <load_address>0x12f5</load_address>
         <run_address>0x12f5</run_address>
         <size>0x46</size>
         <input_file_ref idref="fl-137"/>
      </object_component>
      <object_component id="oc-55">
         <name>.debug_info</name>
         <load_address>0x133b</load_address>
         <run_address>0x133b</run_address>
         <size>0x108</size>
         <input_file_ref idref="fl-137"/>
      </object_component>
      <object_component id="oc-57">
         <name>.debug_info</name>
         <load_address>0x1443</load_address>
         <run_address>0x1443</run_address>
         <size>0x46</size>
         <input_file_ref idref="fl-139"/>
      </object_component>
      <object_component id="oc-5c">
         <name>.debug_info</name>
         <load_address>0x1489</load_address>
         <run_address>0x1489</run_address>
         <size>0xc3</size>
         <input_file_ref idref="fl-139"/>
      </object_component>
      <object_component id="oc-61">
         <name>.debug_info</name>
         <load_address>0x154c</load_address>
         <run_address>0x154c</run_address>
         <size>0x205</size>
         <input_file_ref idref="fl-138"/>
      </object_component>
      <object_component id="oc-64">
         <name>.debug_info</name>
         <load_address>0x1751</load_address>
         <run_address>0x1751</run_address>
         <size>0xcd</size>
         <input_file_ref idref="fl-138"/>
      </object_component>
      <object_component id="oc-65">
         <name>.debug_info</name>
         <load_address>0x181e</load_address>
         <run_address>0x181e</run_address>
         <size>0x39</size>
         <input_file_ref idref="fl-138"/>
      </object_component>
      <object_component id="oc-6c">
         <name>.debug_info</name>
         <load_address>0x1857</load_address>
         <run_address>0x1857</run_address>
         <size>0x1ed</size>
         <input_file_ref idref="fl-13d"/>
      </object_component>
      <object_component id="oc-71">
         <name>.debug_info</name>
         <load_address>0x1a44</load_address>
         <run_address>0x1a44</run_address>
         <size>0x84</size>
[...]
         <name>sl_SendTo</name>
         <value>0x20008a31</value>
         <object_component_ref idref="oc-143"/>
      </symbol>
      <symbol id="sm-aae">
         <name>_sl_BuildAddress</name>
         <value>0x2000aa8d</value>
         <object_component_ref idref="oc-2d9"/>
      </symbol>
      <symbol id="sm-aaf">
         <name>_sl_HandleAsync_Connect</name>
         <value>0x20009aad</value>
         <object_component_ref idref="oc-5f5"/>
      </symbol>
      <symbol id="sm-ab0">
         <name>sl_Htonl</name>
         <value>0x2000a7ad</value>
         <object_component_ref idref="oc-11f"/>
      </symbol>
      <symbol id="sm-ab1">
         <name>sl_Htons</name>
         <value>0x2000a8b5</value>
         <object_component_ref idref="oc-119"/>
      </symbol>
      <symbol id="sm-ab2">
         <name>_SlSelectCmdCtrl</name>
         <value>0x2000b5d4</value>
         <object_component_ref idref="oc-2ce"/>
      </symbol>
      <symbol id="sm-ab3">
         <name>sl_Socket</name>
         <value>0x2000a9d9</value>
         <object_component_ref idref="oc-125"/>
      </symbol>
      <symbol id="sm-ab4">
         <name>_sl_HandleAsync_Select</name>
         <value>0x20009d71</value>
         <object_component_ref idref="oc-5fb"/>
      </symbol>
      <symbol id="sm-ab5">
         <name>sl_RecvFrom</name>
         <value>0x20008b99</value>
         <object_component_ref idref="oc-149"/>
      </symbol>
      <symbol id="sm-ab6">
         <name>_SlSockSocketCmdCtrl</name>
         <value>0x2000b5b0</value>
         <object_component_ref idref="oc-2ce"/>
      </symbol>
      <symbol id="sm-ab7">
         <name>_SlRecvfomCmdCtrl</name>
         <value>0x2000b5b8</value>
         <object_component_ref idref="oc-2ce"/>
      </symbol>
      <symbol id="sm-ab8">
         <name>_SlSetSockOptCmdCtrl</name>
         <value>0x2000b5cc</value>
         <object_component_ref idref="oc-2ce"/>
      </symbol>
      <symbol id="sm-ab9">
         <name>_SlAcceptCmdCtrl</name>
         <value>0x2000b5c4</value>
         <object_component_ref idref="oc-2ce"/>
      </symbol>
      <symbol id="sm-aba">
         <name>_SlListenCmdCtrl</name>
         <value>0x2000b5c0</value>
         <object_component_ref idref="oc-2ce"/>
      </symbol>
      <symbol id="sm-abb">
         <name>_SlRecvCmdCtrl</name>
         <value>0x2000b5c8</value>
         <object_component_ref idref="oc-2ce"/>
      </symbol>
      <symbol id="sm-abc">
         <name>_SlGetSockOptCmdCtrl</name>
         <value>0x2000b5d0</value>
         <object_component_ref idref="oc-2ce"/>
      </symbol>
      <symbol id="sm-abd">
         <name>_sl_TruncatePayloadByProtocol</name>
         <value>0x20009a3d</value>
         <object_component_ref idref="oc-331"/>
      </symbol>
      <symbol id="sm-abe">
         <name>sl_Close</name>
         <value>0x2000ab6d</value>
         <object_component_ref idref="oc-131"/>
      </symbol>
      <symbol id="sm-abf">
         <name>_sl_HandleAsync_Accept</name>
         <value>0x20009b19</value>
         <object_component_ref idref="oc-5ef"/>
      </symbol>
      <symbol id="sm-ac0">
         <name>sl_SetSockOpt</name>
         <value>0x2000a165</value>
         <object_component_ref idref="oc-137"/>
      </symbol>
      <symbol id="sm-ac1">
         <name>sl_Bind</name>
         <value>0x20009dcd</value>
         <object_component_ref idref="oc-12b"/>
      </symbol>
      <symbol id="sm-b32">
         <name>sl_WlanDisconnect</name>
         <value>0x2000b057</value>
         <object_component_ref idref="oc-f4"/>
      </symbol>
      <symbol id="sm-b33">
         <name>_SlPolicyGetCmdCtrl</name>
         <value>0x2000b278</value>
         <object_component_ref idref="oc-283"/>
      </symbol>
      <symbol id="sm-b34">
         <name>_SlPolicySetCmdCtrl</name>
         <value>0x2000b274</value>
         <object_component_ref idref="oc-283"/>
      </symbol>
      <symbol id="sm-b35">
         <name>_SlRxFilterGetCmdCtrl</name>
         <value>0x2000b290</value>
         <object_component_ref idref="oc-283"/>
      </symbol>
      <symbol id="sm-b36">
         <name>_SlRxFilterSetCmdCtrl</name>
         <value>0x2000b28c</value>
         <object_component_ref idref="oc-283"/>
      </symbol>
      <symbol id="sm-b37">
         <name>_SlProfileGetCmdCtrl</name>
         <value>0x2000b27c</value>
         <object_component_ref idref="oc-283"/>
      </symbol>
      <symbol id="sm-b38">
         <name>_SlWlanGetNetworkListCtrl</name>
         <value>0x2000b284</value>
         <object_component_ref idref="oc-283"/>
      </symbol>
      <symbol id="sm-b39">
         <name>sl_WlanPolicySet</name>
         <value>0x2000a605</value>
         <object_component_ref idref="oc-e8"/>
      </symbol>
      <symbol id="sm-b3a">
         <name>_SlProfileDelCmdCtrl</name>
         <value>0x2000b280</value>
         <object_component_ref idref="oc-283"/>
      </symbol>
      <symbol id="sm-b3b">
         <name>_SlWlanSetModeCmdCtrl</name>
         <value>0x2000b298</value>
         <object_component_ref idref="oc-283"/>
      </symbol>
      <symbol id="sm-b3c">
         <name>_SlWlanCfgSetCmdCtrl</name>
         <value>0x2000b29c</value>
         <object_component_ref idref="oc-283"/>
      </symbol>
      <symbol id="sm-b3d">
         <name>_SlWlanCfgGetCmdCtrl</name>
         <value>0x2000b2a0</value>
         <object_component_ref idref="oc-283"/>
      </symbol>
      <symbol id="sm-b3e">
         <name>sl_WlanProfileDel</name>
         <value>0x2000ab91</value>
         <object_component_ref idref="oc-ee"/>
      </symbol>
      <symbol id="sm-b3f">
         <name>_SlRxFilterAddtCmdCtrl</name>
         <value>0x2000b288</value>
         <object_component_ref idref="oc-283"/>
      </symbol>
      <symbol id="sm-b40">
         <name>sl_WlanRxFilterSet</name>
         <value>0x2000a645</value>
         <object_component_ref idref="oc-112"/>
      </symbol>
      <symbol id="sm-b41">
         <name>sl_WlanConnect</name>
         <value>0x200077d9</value>
         <object_component_ref idref="oc-156"/>
      </symbol>
      <symbol id="sm-b42">
         <name>sl_WlanSet</name>
         <value>0x2000a325</value>
         <object_component_ref idref="oc-100"/>
      </symbol>
      <symbol id="sm-b43">
         <name>_SlSmartConfigStartCmdCtrl</name>
         <value>0x2000b294</value>
         <object_component_ref idref="oc-283"/>
      </symbol>
      <symbol id="sm-b44">
         <name>sl_WlanSetMode</name>
         <value>0x2000aab5</value>
         <object_component_ref idref="oc-d6"/>
      </symbol>
      <symbol id="sm-c09">
         <name>g_cDummy</name>
         <value>0x20018756</value>
      </symbol>
      <symbol id="sm-c0a">
         <name>NwpMaskInterrupt</name>
         <value>0x2000afd9</value>
         <object_component_ref idref="oc-498"/>
      </symbol>
      <symbol id="sm-c0b">
         <name>NwpRegisterInterruptHandler</name>
         <value>0x2000a775</value>
         <object_component_ref idref="oc-24f"/>
      </symbol>
      <symbol id="sm-c0c">
         <name>NwpPowerOnPreamble</name>
         <value>0x200095f9</value>
         <object_component_ref idref="oc-225"/>
      </symbol>
      <symbol id="sm-c0d">
         <name>g_pHostIntHdl</name>
         <value>0x20019574</value>
         <object_component_ref idref="oc-45c"/>
      </symbol>
      <symbol id="sm-c0e">
         <name>NwpUnMaskInterrupt</name>
         <value>0x2000b015</value>
         <object_component_ref idref="oc-672"/>
      </symbol>
      <symbol id="sm-c0f">
         <name>g_ucDinDout</name>
         <value>0x2001957c</value>
         <object_component_ref idref="oc-45c"/>
      </symbol>
      <symbol id="sm-c10">
         <name>NwpPowerOff</name>
         <value>0x2000a685</value>
         <object_component_ref idref="oc-249"/>
      </symbol>
      <symbol id="sm-c11">
         <name>spi_Read</name>
         <value>0x200087e1</value>
         <object_component_ref idref="oc-666"/>
      </symbol>
      <symbol id="sm-c12">
         <name>DmaSpiSwIntHandler</name>
         <value>0x2000aadd</value>
         <object_component_ref idref="oc-45f"/>
      </symbol>
      <symbol id="sm-c13">
         <name>NwpPowerOn</name>
         <value>0x2000a8e9</value>
         <object_component_ref idref="oc-255"/>
      </symbol>
      <symbol id="sm-c14">
         <name>spi_Close</name>
         <value>0x200099c9</value>
         <object_component_ref idref="oc-28e"/>
      </symbol>
      <symbol id="sm-c15">
         <name>spi_Write</name>
         <value>0x20008629</value>
         <object_component_ref idref="oc-5e2"/>
      </symbol>
      <symbol id="sm-c16">
         <name>spi_Open</name>
         <value>0x20007fdd</value>
         <object_component_ref idref="oc-231"/>
      </symbol>
      <symbol id="sm-c17">
         <name>g_ucDMAEnabled</name>
         <value>0x20019578</value>
         <object_component_ref idref="oc-45c"/>
      </symbol>
      <symbol id="sm-c18">
         <name>g_SpiFd</name>
         <value>0x20019570</value>
         <object_component_ref idref="oc-45c"/>
      </symbol>
      <symbol id="sm-c9e">
         <name>IntPendClear</name>
         <value>0x20009e85</value>
         <object_component_ref idref="oc-481"/>
      </symbol>
      <symbol id="sm-c9f">
         <name>IntPrioritySet</name>
         <value>0x20009f8d</value>
         <object_component_ref idref="oc-456"/>
      </symbol>
      <symbol id="sm-ca0">
         <name>IntVTableBaseSet</name>
         <value>0x2000af29</value>
         <object_component_ref idref="oc-15c"/>
      </symbol>
      <symbol id="sm-ca1">
         <name>IntEnable</name>
         <value>0x20008ced</value>
         <object_component_ref idref="oc-168"/>
      </symbol>
      <symbol id="sm-ca2">
         <name>IntDisable</name>
         <value>0x20008c45</value>
         <object_component_ref idref="oc-475"/>
      </symbol>
      <symbol id="sm-ca3">
         <name>IntRegister</name>
         <value>0x2000abf9</value>
         <object_component_ref idref="oc-450"/>
      </symbol>
      <symbol id="sm-ca4">
         <name>IntUnregister</name>
         <value>0x2000ab01</value>
         <object_component_ref idref="oc-47b"/>
      </symbol>
      <symbol id="sm-ca5">
         <name>IntMasterEnable</name>
         <value>0x2000b045</value>
         <object_component_ref idref="oc-162"/>
      </symbol>
      <symbol id="sm-cda">
         <name>PinTypeUART</name>
         <value>0x2000ad75</value>
         <object_component_ref idref="oc-3e7"/>
      </symbol>
      <symbol id="sm-cdb">
         <name>PinConfigSet</name>
         <value>0x20009249</value>
         <object_component_ref idref="oc-551"/>
      </symbol>
      <symbol id="sm-cdc">
         <name>PinTypeSPI</name>
         <value>0x2000ad5b</value>
         <object_component_ref idref="oc-3ed"/>
      </symbol>
      <symbol id="sm-cdd">
         <name>PinModeSet</name>
         <value>0x2000a505</value>
         <object_component_ref idref="oc-54b"/>
      </symbol>
      <symbol id="sm-d6c">
         <name>PRCMPeripheralReset</name>
         <value>0x20009edd</value>
         <object_component_ref idref="oc-324"/>
      </symbol>
      <symbol id="sm-d6d">
         <name>PRCMPeripheralClkEnable</name>
         <value>0x2000a6c1</value>
         <object_component_ref idref="oc-31e"/>
      </symbol>
      <symbol id="sm-d6e">
         <name>PRCMPeripheralClockGet</name>
         <value>0x20008f69</value>
         <object_component_ref idref="oc-1d7"/>
      </symbol>
      <symbol id="sm-d6f">
         <name>PRCMCC3200MCUInit</name>
         <value>0x20007ea9</value>
         <object_component_ref idref="oc-16e"/>
      </symbol>
      <symbol id="sm-d70">
         <name>PRCMHIBRegWrite</name>
         <value>0x2000aed3</value>
         <object_component_ref idref="oc-35a"/>
      </symbol>
      <symbol id="sm-d71">
         <name>PRCMSysResetCauseGet</name>
         <value>0x2000aa39</value>
         <object_component_ref idref="oc-366"/>
      </symbol>
      <symbol id="sm-d72">
         <name>PRCMPeripheralStatusGet</name>
         <value>0x2000a7e5</value>
         <object_component_ref idref="oc-43e"/>
      </symbol>
      <symbol id="sm-d73">
         <name>PRCMPeripheralClkDisable</name>
         <value>0x2000aa65</value>
         <object_component_ref idref="oc-360"/>
      </symbol>
      <symbol id="sm-d74">
         <name>PRCMHIBRegRead</name>
         <value>0x2000aebd</value>
         <object_component_ref idref="oc-354"/>
      </symbol>
      <symbol id="sm-e5e">
         <name>SPIFIFODisable</name>
         <value>0x2000adc3</value>
         <object_component_ref idref="oc-4d2"/>
      </symbol>
      <symbol id="sm-e5f">
         <name>SPICSEnable</name>
         <value>0x2000ae43</value>
         <object_component_ref idref="oc-67a"/>
      </symbol>
      <symbol id="sm-e60">
         <name>SPIDisable</name>
         <value>0x2000ae5b</value>
         <object_component_ref idref="oc-2f4"/>
      </symbol>
      <symbol id="sm-e61">
         <name>SPIFIFOEnable</name>
         <value>0x2000addd</value>
         <object_component_ref idref="oc-444"/>
      </symbol>
      <symbol id="sm-e62">
         <name>SPIWordCountSet</name>
         <value>0x2000abd7</value>
         <object_component_ref idref="oc-680"/>
      </symbol>
      <symbol id="sm-e63">
         <name>SPIDataPut</name>
         <value>0x2000ac59</value>
         <object_component_ref idref="oc-2e8"/>
      </symbol>
      <symbol id="sm-e64">
         <name>SPIEnable</name>
         <value>0x2000ae73</value>
         <object_component_ref idref="oc-318"/>
      </symbol>
      <symbol id="sm-e65">
         <name>SPIDmaEnable</name>
         <value>0x2000ada9</value>
         <object_component_ref idref="oc-30c"/>
      </symbol>
      <symbol id="sm-e66">
         <name>SPIConfigSetExpClk</name>
         <value>0x20008d95</value>
         <object_component_ref idref="oc-300"/>
      </symbol>
      <symbol id="sm-e67">
         <name>SPIIntRegister</name>
         <value>0x2000ac77</value>
         <object_component_ref idref="oc-306"/>
      </symbol>
      <symbol id="sm-e68">
         <name>SPIIntUnregister</name>
         <value>0x2000adf7</value>
         <object_component_ref idref="oc-4cc"/>
      </symbol>
      <symbol id="sm-e69">
         <name>SPIFIFOLevelSet</name>
         <value>0x2000a819</value>
         <object_component_ref idref="oc-44a"/>
      </symbol>
      <symbol id="sm-e6a">
         <name>SPIDmaDisable</name>
         <value>0x2000ad8f</value>
         <object_component_ref idref="oc-4d8"/>
      </symbol>
      <symbol id="sm-e6b">
         <name>SPIReset</name>
         <value>0x2000abb5</value>
         <object_component_ref idref="oc-2fa"/>
      </symbol>
      <symbol id="sm-e6c">
         <name>SPIIntStatus</name>
         <value>0x20009679</value>
         <object_component_ref idref="oc-2e2"/>
      </symbol>
      <symbol id="sm-e6d">
         <name>SPIIntEnable</name>
         <value>0x2000a081</value>
         <object_component_ref idref="oc-312"/>
      </symbol>
      <symbol id="sm-e6e">
         <name>SPIIntClear</name>
         <value>0x2000a295</value>
         <object_component_ref idref="oc-19a"/>
      </symbol>
      <symbol id="sm-e6f">
         <name>SPICSDisable</name>
         <value>0x2000ae2b</value>
         <object_component_ref idref="oc-438"/>
      </symbol>
      <symbol id="sm-e70">
         <name>SPIIntDisable</name>
         <value>0x2000a035</value>
         <object_component_ref idref="oc-194"/>
      </symbol>
      <symbol id="sm-ea1">
         <name>UARTConfigSetExpClk</name>
         <value>0x20009951</value>
         <object_component_ref idref="oc-1dd"/>
      </symbol>
      <symbol id="sm-ea2">
         <name>UARTDisable</name>
         <value>0x2000a919</value>
         <object_component_ref idref="oc-400"/>
      </symbol>
      <symbol id="sm-ea3">
         <name>UARTCharPut</name>
         <value>0x2000ac95</value>
         <object_component_ref idref="oc-1e3"/>
      </symbol>
      <symbol id="sm-ea4">
         <name>UARTEnable</name>
         <value>0x2000ab25</value>
         <object_component_ref idref="oc-406"/>
      </symbol>
      <symbol id="sm-ea5">
         <name>UARTCharGet</name>
         <value>0x2000aee9</value>
         <object_component_ref idref="oc-1ef"/>
      </symbol>
      <symbol id="sm-f5e">
         <name>uDMAChannelControlSet</name>
         <value>0x2000a739</value>
         <object_component_ref idref="oc-3a8"/>
      </symbol>
      <symbol id="sm-f5f">
         <name>uDMAIntClear</name>
         <value>0x2000af8d</value>
         <object_component_ref idref="oc-384"/>
      </symbol>
      <symbol id="sm-f60">
         <name>uDMAChannelDisable</name>
         <value>0x2000aced</value>
         <object_component_ref idref="oc-3c6"/>
      </symbol>
      <symbol id="sm-f61">
         <name>uDMAChannelModeGet</name>
         <value>0x2000a1fd</value>
         <object_component_ref idref="oc-2ee"/>
      </symbol>
      <symbol id="sm-f62">
         <name>uDMAIntUnregister</name>
         <value>0x2000afc5</value>
         <object_component_ref idref="oc-3cc"/>
      </symbol>
      <symbol id="sm-f63">
         <name>uDMAChannelAttributeEnable</name>
         <value>0x20009c4d</value>
         <object_component_ref idref="oc-3ae"/>
      </symbol>
      <symbol id="sm-f64">
         <name>uDMADisable</name>
         <value>0x2000b021</value>
         <object_component_ref idref="oc-3d2"/>
      </symbol>
      <symbol id="sm-f65">
         <name>uDMAChannelTransferSet</name>
         <value>0x20008539</value>
         <object_component_ref idref="oc-3b4"/>
      </symbol>
      <symbol id="sm-f66">
         <name>uDMAIntStatus</name>
         <value>0x2000b039</value>
         <object_component_ref idref="oc-37e"/>
      </symbol>
      <symbol id="sm-f67">
         <name>uDMAChannelAssign</name>
         <value>0x2000a1b1</value>
         <object_component_ref idref="oc-39c"/>
      </symbol>
      <symbol id="sm-f68">
         <name>uDMAIntRegister</name>
         <value>0x2000aeff</value>
         <object_component_ref idref="oc-38a"/>
      </symbol>
      <symbol id="sm-f69">
         <name>uDMAEnable</name>
         <value>0x2000b02d</value>
         <object_component_ref idref="oc-390"/>
      </symbol>
      <symbol id="sm-f6a">
         <name>uDMAControlBaseSet</name>
         <value>0x2000af79</value>
         <object_component_ref idref="oc-396"/>
      </symbol>
      <symbol id="sm-f6b">
         <name>uDMAChannelAttributeDisable</name>
         <value>0x20009be9</value>
         <object_component_ref idref="oc-3a2"/>
      </symbol>
      <symbol id="sm-f6c">
         <name>uDMAChannelEnable</name>
         <value>0x2000ad09</value>
         <object_component_ref idref="oc-3ba"/>
      </symbol>
      <symbol id="sm-f6d">
         <name>uDMAChannelRequest</name>
         <value>0x2000ad25</value>
         <object_component_ref idref="oc-3c0"/>
      </symbol>
      <symbol id="sm-f71">
         <name>UtilsDelay</name>
         <value>0x2000b05f</value>
         <object_component_ref idref="oc-429"/>
      </symbol>
      <symbol id="sm-f7b">
         <name>CPUcpsie</name>
         <value>0x2000af15</value>
         <object_component_ref idref="oc-349"/>
      </symbol>
      <symbol id="sm-f7e">
         <name>__TI_static_base__</name>
         <value>0x2000b6e0</value>
      </symbol>
      <symbol id="sm-f7f">
         <name>__TI_args_main</name>
         <value>0x1</value>
      </symbol>
      <symbol id="sm-f80">
         <name>SHT$$INIT_ARRAY$$Limit</name>
         <value>0x0</value>
      </symbol>
      <symbol id="sm-f81">
         <name>SHT$$INIT_ARRAY$$Base</name>
         <value>0x0</value>
      </symbol>
   </symbol_table>
   <title>Link successful</title>
</link_info>
