******************************************************************************
                  TI ARM Linker PC v5.1.6                      
******************************************************************************
>> Linked Fri Apr 17 18:09:02 2015

OUTPUT FILE NAME:   <udp_socket.out>
ENTRY POINT SYMBOL: "_c_int00"  address: 2000a881


MEMORY CONFIGURATION

         name            origin    length      used     unused   attr    fill
----------------------  --------  ---------  --------  --------  ----  --------
  SRAM_CODE             20004000   00013000  0000774e  0000b8b2  RW X
  SRAM_DATA             20017000   00019000  00002e50  000161b0  RW X


SEGMENT ALLOCATION MAP

run origin  load origin   length   init length attrs members
----------  ----------- ---------- ----------- ----- -------
20004000    20004000    00007750   00007750    r-x
  20004000    20004000    00000400   00000400    r-- .intvecs
  20004400    20004400    00006c6a   00006c6a    r-x .text
  2000b06c    2000b06c    00000674   00000674    r-- .const
  2000b6e0    2000b6e0    00000070   00000070    r-- .cinit
20017000    20017000    00002650   00000000    rw-
  20017000    20017000    00001c00   00000000    rw- .bss
  20018c00    20018c00    00000800   00000000    rw- .sysmem
  20019400    20019400    00000250   00000000    rw- .data
2002f800    2002f800    00000800   00000000    rw-
  2002f800    2002f800    00000800   00000000    rw- .stack


SECTION ALLOCATION MAP

 output                                  attributes/
section   page    origin      length       input sections
--------  ----  ----------  ----------   ----------------
.init_array 
*          0    20004000    00000000     UNINITIALIZED

.intvecs   0    20004000    00000400     
                  20004000    00000400     startup_ccs.obj (.intvecs)

.text      0    20004400    00006c6a     
                  20004400    00000ec0     rtsv7M4_T_le_eabi.lib : _printfi.obj (.text)
                  200052c0    00000e40     main.obj (.text)
                  20006100    000003f4     spi.obj (.text)
                  200064f4    000003cc     rtsv7M4_T_le_eabi.lib : memory.obj (.text)
                  200068c0    000003b4     simplelink.a : driver.obj (.text:_SlDrvMsgRead)
                  20006c74    0000034c                  : driver.obj (.text:_SlAsyncEventGenericHandler)
                  20006fc0    0000026c     uart_if.obj (.text)
                  2000722c    00000200     udma_if.obj (.text)
                  2000742c    000001f4     rtsv7M4_T_le_eabi.lib : ull_div_t2.obj (.text)
                  20007620    000001b6                           : fd_add_t2.obj (.text)
                  200077d6    00000002     driverlib.a : interrupt.obj (.text:IntDefaultHandler)
                  200077d8    0000019c     simplelink.a : wlan.obj (.text:sl_WlanConnect)
                  20007974    0000017c                  : driver.obj (.text:_SlDrvDataReadOp)
                  20007af0    00000140                  : driver.obj (.text:_SlDrvDataWriteOp)
                  20007c30    00000140                  : driver.obj (.text:_SlDrvRxHdrRead)
                  20007d70    00000136     rtsv7M4_T_le_eabi.lib : fd_div_t2.obj (.text)
                  20007ea6    00000002     --HOLE-- [fill = 0]
                  20007ea8    00000134     driverlib.a : prcm.obj (.text:PRCMCC3200MCUInit)
                  20007fdc    00000128     simplelink.a : cc_pal.obj (.text:spi_Open)
                  20008104    00000118                  : driver.obj (.text:_SlDrvWaitForPoolObj)
                  2000821c    00000114                  : driver.obj (.text:_SlDrvMsgWrite)
                  20008330    0000010c                  : driver.obj (.text:_SlDrvReleasePoolObj)
                  2000843c    000000fc     rtsv7M4_T_le_eabi.lib : fd_mul_t2.obj (.text)
                  20008538    000000f0     driverlib.a : udma.obj (.text:uDMAChannelTransferSet)
                  20008628    000000ec     simplelink.a : cc_pal.obj (.text:spi_Write)
                  20008714    000000cc                  : device.obj (.text:sl_Stop)
                  200087e0    000000cc                  : cc_pal.obj (.text:spi_Read)
                  200088ac    000000c8                  : device.obj (.text:sl_Start)
                  20008974    000000bc                  : driver.obj (.text:_SlDrvMsgReadCmdCtx)
                  20008a30    000000b4                  : socket.obj (.text:sl_SendTo)
                  20008ae4    000000b2                  : netapp.obj (.text:_SlDrvNetAppEventHandler)
                  20008b96    00000002     --HOLE-- [fill = 0]
                  20008b98    000000ac                  : socket.obj (.text:sl_RecvFrom)
                  20008c44    000000a8     driverlib.a : interrupt.obj (.text:IntDisable)
                  20008cec    000000a8                 : interrupt.obj (.text:IntEnable)
                  20008d94    000000a0                 : spi.obj (.text:SPIConfigSetExpClk)
                  20008e34    0000009c     rtsv7M4_T_le_eabi.lib : memcpy_t2.obj (.text)
                  20008ed0    00000098     simplelink.a : driver.obj (.text:_SlFindAndSetActiveObj)
                  20008f68    00000094     driverlib.a : prcm.obj (.text:PRCMPeripheralClockGet)
                  20008ffc    00000094     simplelink.a : driver.obj (.text:_SlDrvClassifyRxMsg)
                  20009090    00000094                  : driver.obj (.text:_SlDrvMsgReadSpawnCtx)
                  20009124    00000094     rtsv7M4_T_le_eabi.lib : auto_init.obj (.text)
                  200091b8    00000090     simplelink.a : driver.obj (.text:_SlDrvDriverCBInit)
                  20009248    00000088     driverlib.a : pin.obj (.text:PinConfigSet)
                  200092d0    00000088     simplelink.a : driver.obj (.text:_SlDrvCmdOp)
                  20009358    00000088     rtsv7M4_T_le_eabi.lib : vsnprintf.obj (.text)
                  200093e0    00000088     simplelink.a : netapp.obj (.text:sl_NetAppMDNSRegisterUnregisterService)
                  20009468    00000086     rtsv7M4_T_le_eabi.lib : fd_cmp_t2.obj (.text:__aeabi_cdcmple)
                  200094ee    00000086                           : fd_cmp_t2.obj (.text:__aeabi_cdrcmple)
                  20009574    00000084     simplelink.a : netapp.obj (.text:_sl_HandleAsync_DnsGetHostByName)
                  200095f8    00000080                  : cc_pal.obj (.text:NwpPowerOnPreamble)
                  20009678    0000007c     driverlib.a : spi.obj (.text:SPIIntStatus)
                  200096f4    0000007c     simplelink.a : device.obj (.text:sl_DevGet)
                  20009770    00000078                  : cc_pal.obj (.text:SetupDMAReceive)
                  200097e8    00000078                  : device.obj (.text:_sl_HandleAsync_InitComplete)
                  20009860    00000078                  : netapp.obj (.text:_sl_HandleAsync_PingResponse)
                  200098d8    00000078     rtsv7M4_T_le_eabi.lib : memset_t2.obj (.text)
                  20009950    00000076     driverlib.a : uart.obj (.text:UARTConfigSetExpClk)
                  200099c6    00000002     --HOLE-- [fill = 0]
                  200099c8    00000074     simplelink.a : cc_pal.obj (.text:spi_Close)
                  20009a3c    0000006e                  : socket.obj (.text:_sl_TruncatePayloadByProtocol)
                  20009aaa    00000002     --HOLE-- [fill = 0]
                  20009aac    0000006c                  : socket.obj (.text:_sl_HandleAsync_Connect)
                  20009b18    00000068                  : socket.obj (.text:_sl_HandleAsync_Accept)
                  20009b80    00000068                  : netapp.obj (.text:_sl_HandleAsync_DnsGetHostByService)
                  20009be8    00000064     driverlib.a : udma.obj (.text:uDMAChannelAttributeDisable)
                  20009c4c    00000064                 : udma.obj (.text:uDMAChannelAttributeEnable)
                  20009cb0    00000060     simplelink.a : driver.obj (.text:_SlDrvDriverCBDeinit)
                  20009d10    0000005e     rtsv7M4_T_le_eabi.lib : copy_decompress_rle.obj (.text)
                  20009d6e    00000002     --HOLE-- [fill = 0]
                  20009d70    0000005c     simplelink.a : socket.obj (.text:_sl_HandleAsync_Select)
                  20009dcc    0000005c                  : socket.obj (.text:sl_Bind)
                  20009e28    0000005a     rtsv7M4_T_le_eabi.lib : ltoa.obj (.text)
                  20009e82    00000002     --HOLE-- [fill = 0]
                  20009e84    00000058     driverlib.a : interrupt.obj (.text:IntPendClear)
                  20009edc    00000058                 : prcm.obj (.text:PRCMPeripheralReset)
                  20009f34    00000058     simplelink.a : device.obj (.text:_sl_HandleAsync_Stop)
                  20009f8c    00000054     driverlib.a : interrupt.obj (.text:IntPrioritySet)
                  20009fe0    00000054     simplelink.a : netapp.obj (.text:sl_NetAppSendTokenValue)
                  2000a034    0000004c     driverlib.a : spi.obj (.text:SPIIntDisable)
                  2000a080    0000004c                 : spi.obj (.text:SPIIntEnable)
                  2000a0cc    0000004c                 : spi.obj (.text:SPIIntNumberGet)
                  2000a118    0000004c     rtsv7M4_T_le_eabi.lib : atoi.obj (.text)
                  2000a164    0000004c     simplelink.a : socket.obj (.text:sl_SetSockOpt)
                  2000a1b0    0000004c     driverlib.a : udma.obj (.text:uDMAChannelAssign)
                  2000a1fc    0000004c                 : udma.obj (.text:uDMAChannelModeGet)
                  2000a248    0000004a     simplelink.a : device.obj (.text:_sl_GetStartResponseConvert)
                  2000a292    00000002     --HOLE-- [fill = 0]
                  2000a294    00000048     driverlib.a : spi.obj (.text:SPIIntClear)
                  2000a2dc    00000048     rtsv7M4_T_le_eabi.lib : fd_toi_t2.obj (.text)
                  2000a324    00000048     simplelink.a : wlan.obj (.text:sl_WlanSet)
                  2000a36c    00000044     driverlib.a : spi.obj (.text:SPIDmaMaskGet)
                  2000a3b0    00000044     pinmux.obj (.text)
                  2000a3f4    00000044     rtsv7M4_T_le_eabi.lib : cpy_tbl.obj (.text)
                  2000a438    00000044                           : exit.obj (.text)
                  2000a47c    00000044                           : xdtest.obj (.text)
                  2000a4c0    00000044     simplelink.a : netcfg.obj (.text:sl_NetCfgSet)
                  2000a504    00000040     driverlib.a : pin.obj (.text:PinModeSet)
                  2000a544    00000040     simplelink.a : driver.obj (.text:_SlDrvRxIrqHandler)
                  2000a584    00000040                  : nonos.obj (.text:_SlNonOsMainLoopTask)
                  2000a5c4    00000040                  : driver.obj (.text:_SlRemoveFromList)
                  2000a604    00000040                  : wlan.obj (.text:sl_WlanPolicySet)
                  2000a644    00000040                  : wlan.obj (.text:sl_WlanRxFilterSet)
                  2000a684    0000003c                  : cc_pal.obj (.text:NwpPowerOff)
                  2000a6c0    0000003c     driverlib.a : prcm.obj (.text:PRCMPeripheralClkEnable)
                  2000a6fc    0000003c     simplelink.a : driver.obj (.text:_SlDrvObjInit)
                  2000a738    0000003c     driverlib.a : udma.obj (.text:uDMAChannelControlSet)
                  2000a774    00000038     simplelink.a : cc_pal.obj (.text:NwpRegisterInterruptHandler)
                  2000a7ac    00000038                  : socket.obj (.text:sl_Htonl)
                  2000a7e4    00000034     driverlib.a : prcm.obj (.text:PRCMPeripheralStatusGet)
                  2000a818    00000034                 : spi.obj (.text:SPIFIFOLevelSet)
                  2000a84c    00000034     simplelink.a : driver.obj (.text:_SlDrvBasicCmd)
                  2000a880    00000034     rtsv7M4_T_le_eabi.lib : boot.obj (.text)
                  2000a8b4    00000034     simplelink.a : socket.obj (.text:sl_Htons)
                  2000a8e8    00000030                  : cc_pal.obj (.text:NwpPowerOn)
                  2000a918    00000030     driverlib.a : uart.obj (.text:UARTDisable)
                  2000a948    00000030     simplelink.a : flowcont.obj (.text:_SlDrvFlowContDeinit)
                  2000a978    00000030                  : flowcont.obj (.text:_SlDrvFlowContInit)
                  2000a9a8    00000030                  : nonos.obj (.text:_SlNonOsSemGet)
                  2000a9d8    00000030                  : socket.obj (.text:sl_Socket)
                  2000aa08    0000002e     rtsv7M4_T_le_eabi.lib : i_tofd_t2.obj (.text)
                  2000aa36    00000002     --HOLE-- [fill = 0]
                  2000aa38    0000002c     driverlib.a : prcm.obj (.text:PRCMSysResetCauseGet)
                  2000aa64    00000028                 : prcm.obj (.text:PRCMPeripheralClkDisable)
                  2000aa8c    00000028     simplelink.a : socket.obj (.text:_sl_BuildAddress)
                  2000aab4    00000028                  : wlan.obj (.text:sl_WlanSetMode)
                  2000aadc    00000024                  : cc_pal.obj (.text:DmaSpiSwIntHandler)
                  2000ab00    00000024     driverlib.a : interrupt.obj (.text:IntUnregister)
                  2000ab24    00000024                 : uart.obj (.text:UARTEnable)
                  2000ab48    00000024     rtsv7M4_T_le_eabi.lib : memmov.obj (.text)
                  2000ab6c    00000024     simplelink.a : socket.obj (.text:sl_Close)
                  2000ab90    00000024                  : wlan.obj (.text:sl_WlanProfileDel)
                  2000abb4    00000022     driverlib.a : spi.obj (.text:SPIReset)
                  2000abd6    00000022                 : spi.obj (.text:SPIWordCountSet)
                  2000abf8    00000020                 : interrupt.obj (.text:IntRegister)
                  2000ac18    00000020     simplelink.a : driver.obj (.text:_SlDrvCmdSend)
                  2000ac38    00000020                  : nonos.obj (.text:_SlNonOsSpawn)
                  2000ac58    0000001e     driverlib.a : spi.obj (.text:SPIDataPut)
                  2000ac76    0000001e                 : spi.obj (.text:SPIIntRegister)
                  2000ac94    0000001e                 : uart.obj (.text:UARTCharPut)
                  2000acb2    00000002     --HOLE-- [fill = 0]
                  2000acb4    0000001c     simplelink.a : driver.obj (.text:_SlDrvObjDeInit)
                  2000acd0    0000001c     rtsv7M4_T_le_eabi.lib : memccpy.obj (.text)
                  2000acec    0000001c     driverlib.a : udma.obj (.text:uDMAChannelDisable)
                  2000ad08    0000001c                 : udma.obj (.text:uDMAChannelEnable)
                  2000ad24    0000001c                 : udma.obj (.text:uDMAChannelRequest)
                  2000ad40    0000001a     simplelink.a : netapp.obj (.text:CopyPingResultsToReport)
                  2000ad5a    0000001a     driverlib.a : pin.obj (.text:PinTypeSPI)
                  2000ad74    0000001a                 : pin.obj (.text:PinTypeUART)
                  2000ad8e    0000001a                 : spi.obj (.text:SPIDmaDisable)
                  2000ada8    0000001a                 : spi.obj (.text:SPIDmaEnable)
                  2000adc2    0000001a                 : spi.obj (.text:SPIFIFODisable)
                  2000addc    0000001a                 : spi.obj (.text:SPIFIFOEnable)
                  2000adf6    0000001a                 : spi.obj (.text:SPIIntUnregister)
                  2000ae10    0000001a     simplelink.a : device.obj (.text:_SlDrvDeviceEventHandler)
                  2000ae2a    00000018     driverlib.a : spi.obj (.text:SPICSDisable)
                  2000ae42    00000018                 : spi.obj (.text:SPICSEnable)
                  2000ae5a    00000018                 : spi.obj (.text:SPIDisable)
                  2000ae72    00000018                 : spi.obj (.text:SPIEnable)
                  2000ae8a    00000002     --HOLE-- [fill = 0]
                  2000ae8c    00000018     rtsv7M4_T_le_eabi.lib : args_main.obj (.text)
                  2000aea4    00000018                           : ll_mul_t2.obj (.text)
                  2000aebc    00000016     driverlib.a : prcm.obj (.text:PRCMHIBRegRead)
                  2000aed2    00000016                 : prcm.obj (.text:PRCMHIBRegWrite)
                  2000aee8    00000016                 : uart.obj (.text:UARTCharGet)
                  2000aefe    00000016                 : udma.obj (.text:uDMAIntRegister)
                  2000af14    00000014                 : cpu.obj (.text:CPUcpsie)
                  2000af28    00000014                 : interrupt.obj (.text:IntVTableBaseSet)
                  2000af3c    00000014     simplelink.a : driver.obj (.text:_SlDrvShiftDWord)
                  2000af50    00000014     rtsv7M4_T_le_eabi.lib : _lock.obj (.text)
                  2000af64    00000014                           : strlen.obj (.text)
                  2000af78    00000014     driverlib.a : udma.obj (.text:uDMAControlBaseSet)
                  2000af8c    00000014                 : udma.obj (.text:uDMAIntClear)
                  2000afa0    00000012     rtsv7M4_T_le_eabi.lib : copy_zero_init.obj (.text:decompress:ZI)
                  2000afb2    00000012     simplelink.a : netapp.obj (.text:sl_NetAppMDNSUnRegisterService)
                  2000afc4    00000012     driverlib.a : udma.obj (.text:uDMAIntUnregister)
                  2000afd6    00000002     --HOLE-- [fill = 0]
                  2000afd8    00000010     simplelink.a : cc_pal.obj (.text:NwpMaskInterrupt)
                  2000afe8    0000000e     rtsv7M4_T_le_eabi.lib : copy_decompress_none.obj (.text:decompress:none)
                  2000aff6    0000000e                           : xdclass.obj (.text)
                  2000b004    0000000e     startup_ccs.obj (.text)
                  2000b012    00000002     --HOLE-- [fill = 0]
                  2000b014    0000000c     simplelink.a : cc_pal.obj (.text:NwpUnMaskInterrupt)
                  2000b020    0000000c     driverlib.a : udma.obj (.text:uDMADisable)
                  2000b02c    0000000c                 : udma.obj (.text:uDMAEnable)
                  2000b038    0000000c                 : udma.obj (.text:uDMAIntStatus)
                  2000b044    0000000a                 : interrupt.obj (.text:IntMasterEnable)
                  2000b04e    00000008     simplelink.a : nonos.obj (.text:_SlNonOsSemSet)
                  2000b056    00000008                  : wlan.obj (.text:sl_WlanDisconnect)
                  2000b05e    00000006     driverlib.a : utils.obj (.text:UtilsDelay)
                  2000b064    00000006     rtsv7M4_T_le_eabi.lib : copy_decompress_rle.obj (.text:decompress:rle24)

.const     0    2000b06c    00000674     
                  2000b06c    00000102     rtsv7M4_T_le_eabi.lib : ctype.obj (.const:.string:_ctypes_)
                  2000b16e    00000002     --HOLE-- [fill = 0]
                  2000b170    00000100     driverlib.a : pin.obj (.const:g_ulPinToPadMap)
                  2000b270    000000ec     simplelink.a : wlan.obj (.const)
                  2000b35c    000000d4     driverlib.a : interrupt.obj (.const:g_pulRegs)
                  2000b430    000000a8                 : prcm.obj (.const:PRCM_PeriphRegsList)
                  2000b4d8    00000080                 : interrupt.obj (.const)
                  2000b558    0000004c     simplelink.a : driver.obj (.const)
                  2000b5a4    00000034                  : socket.obj (.const)
                  2000b5d8    0000002c     main.obj (.const:$P$T1$2)
                  2000b604    00000028     simplelink.a : netapp.obj (.const)
                  2000b62c    00000024     driverlib.a : spi.obj (.const:g_ppulSPIIntMap)
                  2000b650    00000022     main.obj (.const:.string:$P$T0$1)
                  2000b672    00000002     --HOLE-- [fill = 0]
                  2000b674    00000020     main.obj (.const)
                  2000b694    00000018     driverlib.a : spi.obj (.const)
                  2000b6ac    00000016     main.obj (.const:.string)
                  2000b6c2    00000002     --HOLE-- [fill = 0]
                  2000b6c4    00000014     simplelink.a : device.obj (.const)
                  2000b6d8    00000008                  : netcfg.obj (.const)

.cinit     0    2000b6e0    00000070     
                  2000b6e0    0000004c     (.cinit..data.load) [load image, compression = rle]
                  2000b72c    0000000c     (__TI_handler_table)
                  2000b738    00000008     (.cinit..bss.load) [load image, compression = zero_init]
                  2000b740    00000010     (__TI_cinit_table)

.bss       0    20017000    00001c00     UNINITIALIZED
                  20017000    00000578     spi.obj (.bss:myStrA)
                  20017578    00000578     spi.obj (.bss:myStrB)
                  20017af0    00000578     main.obj (.bss:myStrC)
                  20018068    00000578     main.obj (.bss:myStrD)
                  200185e0    00000100     udma_if.obj (.bss:gfpAppCallbackHndl)
                  200186e0    00000028     simplelink.a : nonos.obj (.bss:g__SlNonOsCB)
                  20018708    00000024     main.obj (.bss:g_ucConnectionSSID)
                  2001872c    0000000c     (.common:cmd_buffer)
                  20018738    00000008     (.common:g_ucConnectionBSSID)
                  20018740    00000004     (.common:Reset_SYNC)
                  20018744    00000004     (.common:__Errorlog)
                  20018748    00000004     (.common:recvfromflag)
                  2001874c    00000004     (.common:rx_udp_server)
                  20018750    00000004     (.common:udploop)
                  20018754    00000002     (.common:ulRecvData)
                  20018756    00000001     (.common:g_cDummy)
                  20018757    00000001     (.common:iDone)
                  20018758    000000a8     --HOLE--
                  20018800    00000400     udma_if.obj (.bss:gpCtlTbl)

.sysmem    0    20018c00    00000800     UNINITIALIZED
                  20018c00    00000008     rtsv7M4_T_le_eabi.lib : memory.obj (.sysmem)
                  20018c08    000007f8     --HOLE--

.data      0    20019400    00000250     UNINITIALIZED
                  20019400    00000170     simplelink.a : driver.obj (.data)
                  20019570    0000005c                  : cc_pal.obj (.data)
                  200195cc    00000034     main.obj (.data)
                  20019600    00000030     spi.obj (.data)
                  20019630    0000000c     rtsv7M4_T_le_eabi.lib : memory.obj (.data)
                  2001963c    00000008                           : _lock.obj (.data)
                  20019644    00000008                           : exit.obj (.data)
                  2001964c    00000004                           : stkdepth_vars.obj (.data)

.stack     0    2002f800    00000800     UNINITIALIZED
                  2002f800    00000800     --HOLE--


LINKER GENERATED COPY TABLES

__TI_cinit_table @ 2000b740 records: 2, size/record: 8, table size: 16
	.data: load addr=2000b6e0, load size=0000004c bytes, run addr=20019400, run size=00000250 bytes, compression=rle
	.bss: load addr=2000b738, load size=00000008 bytes, run addr=20017000, run size=00001c00 bytes, compression=zero_init


LINKER GENERATED HANDLER TABLE

__TI_handler_table @ 2000b72c records: 3, size/record: 4, table size: 12
	index: 0, handler: __TI_decompress_rle24
	index: 1, handler: __TI_decompress_none
	index: 2, handler: __TI_zero_init


GLOBAL SYMBOLS: SORTED ALPHABETICALLY BY Name 

address    name
--------   ----
2000a439   C$$EXIT
2000af15   CPUcpsie
20007001   ClearTerm
2000ad41   CopyPingResultsToReport
200073d3   DMASetupTransfer
20007243   DmaErrorIntHandler
2000aadd   DmaSpiSwIntHandler
2000722d   DmaSwIntHandler
2000700b   Error
20007043   GetCmd
20006fc1   InitTerm
20008c45   IntDisable
20008ced   IntEnable
2000b045   IntMasterEnable
20009e85   IntPendClear
20009f8d   IntPrioritySet
2000abf9   IntRegister
2000ab01   IntUnregister
2000af29   IntVTableBaseSet
20006fdf   Message
2000afd9   NwpMaskInterrupt
2000a685   NwpPowerOff
2000a8e9   NwpPowerOn
200095f9   NwpPowerOnPreamble
2000a775   NwpRegisterInterruptHandler
2000b015   NwpUnMaskInterrupt
20007ea9   PRCMCC3200MCUInit
2000aebd   PRCMHIBRegRead
2000aed3   PRCMHIBRegWrite
2000aa65   PRCMPeripheralClkDisable
2000a6c1   PRCMPeripheralClkEnable
20008f69   PRCMPeripheralClockGet
20009edd   PRCMPeripheralReset
2000a7e5   PRCMPeripheralStatusGet
2000aa39   PRCMSysResetCauseGet
20009249   PinConfigSet
2000a505   PinModeSet
2000a3b1   PinMuxConfig
2000ad5b   PinTypeSPI
2000ad75   PinTypeUART
2000716d   Report
2000b005   ResetISR
20018740   Reset_SYNC
UNDEFED    SHT$$INIT_ARRAY$$Base
UNDEFED    SHT$$INIT_ARRAY$$Limit
2000ae2b   SPICSDisable
2000ae43   SPICSEnable
20008d95   SPIConfigSetExpClk
2000ac59   SPIDataPut
2000ae5b   SPIDisable
2000ad8f   SPIDmaDisable
2000ada9   SPIDmaEnable
2000ae73   SPIEnable
2000adc3   SPIFIFODisable
2000addd   SPIFIFOEnable
2000a819   SPIFIFOLevelSet
2000a295   SPIIntClear
2000a035   SPIIntDisable
2000a081   SPIIntEnable
2000ac77   SPIIntRegister
20009679   SPIIntStatus
2000adf7   SPIIntUnregister
2000abb5   SPIReset
2000abd7   SPIWordCountSet
200072d5   SetupTransfer
200054c9   SimpleLinkGeneralEventHandler
2000551d   SimpleLinkHttpServerCallback
20005409   SimpleLinkNetAppEventHandler
20005529   SimpleLinkSockEventHandler
200052f9   SimpleLinkWlanEventHandler
2000626f   SlaveMain
200070d5   TrimSpace
2000aee9   UARTCharGet
2000ac95   UARTCharPut
20009951   UARTConfigSetExpClk
2000a919   UARTDisable
2000ab25   UARTEnable
200072a7   UDMAChannelSelect
200073bf   UDMADeInit
2000724f   UDMAInit
20007319   UDMASetupAutoMemTransfer
2000734d   UDMASetupPingPongTransfer
200073a7   UDMAStartTransfer
200073b3   UDMAStopTransfer
20005ab1   UdpServer
2000b05f   UtilsDelay
2000aff7   _Dclass
2000a47d   _Dtest
2000b5c4   _SlAcceptCmdCtrl
2000b56c   _SlActionLookupTable
20006c75   _SlAsyncEventGenericHandler
2000b6d0   _SlDeviceGetCmdCtrl
2000b6d4   _SlDeviceSetCmdCtrl
2000a84d   _SlDrvBasicCmd
20008ffd   _SlDrvClassifyRxMsg
200092d1   _SlDrvCmdOp
2000ac19   _SlDrvCmdSend
20007975   _SlDrvDataReadOp
20007af1   _SlDrvDataWriteOp
2000ae11   _SlDrvDeviceEventHandler
20009cb1   _SlDrvDriverCBDeinit
200091b9   _SlDrvDriverCBInit
2000a949   _SlDrvFlowContDeinit
2000a979   _SlDrvFlowContInit
200068c1   _SlDrvMsgRead
20008975   _SlDrvMsgReadCmdCtx
20009091   _SlDrvMsgReadSpawnCtx
2000821d   _SlDrvMsgWrite
20008ae5   _SlDrvNetAppEventHandler
2000acb5   _SlDrvObjDeInit
2000a6fd   _SlDrvObjInit
20008331   _SlDrvReleasePoolObj
20007c31   _SlDrvRxHdrRead
2000a545   _SlDrvRxIrqHandler
2000af3d   _SlDrvShiftDWord
20008105   _SlDrvWaitForPoolObj
2000b6cc   _SlEventMaskGetCmdCtrl
2000b6c8   _SlEventMaskSetCmdCtrl
20008ed1   _SlFindAndSetActiveObj
2000b61c   _SlGetHostByNameCtrl
2000b618   _SlGetHostByServiceCtrl
2000b610   _SlGetServiceListeCtrl
2000b5d0   _SlGetSockOptCmdCtrl
2000b5c0   _SlListenCmdCtrl
2000b628   _SlNetAppGetCmdCtrl
2000b624   _SlNetAppSendTokenValueCmdCtrl
2000b620   _SlNetAppSetCmdCtrl
2000b608   _SlNetAppStartCtrl
2000b60c   _SlNetAppStopCtrl
2000b6dc   _SlNetCfgGetCmdCtrl
2000b6d8   _SlNetCfgSetCmdCtrl
2000a585   _SlNonOsMainLoopTask
2000a9a9   _SlNonOsSemGet
2000b04f   _SlNonOsSemSet
2000ac39   _SlNonOsSpawn
2000b278   _SlPolicyGetCmdCtrl
2000b274   _SlPolicySetCmdCtrl
2000b280   _SlProfileDelCmdCtrl
2000b27c   _SlProfileGetCmdCtrl
2000b5c8   _SlRecvCmdCtrl
2000b5b8   _SlRecvfomCmdCtrl
2000b614   _SlRegisterServiceCtrl
2000a5c5   _SlRemoveFromList
2000b288   _SlRxFilterAddtCmdCtrl
2000b290   _SlRxFilterGetCmdCtrl
2000b28c   _SlRxFilterSetCmdCtrl
2000b5d4   _SlSelectCmdCtrl
2000b5bc   _SlSendCmdCtrl
2000b5cc   _SlSetSockOptCmdCtrl
2000b294   _SlSmartConfigStartCmdCtrl
2000b5b4   _SlSockCloseCmdCtrl
2000b5b0   _SlSockSocketCmdCtrl
2000b6c4   _SlStopCmdCtrl
2000b2a0   _SlWlanCfgGetCmdCtrl
2000b29c   _SlWlanCfgSetCmdCtrl
2000b284   _SlWlanGetNetworkListCtrl
2000b298   _SlWlanSetModeCmdCtrl
20030000   __STACK_END
00000800   __STACK_SIZE
00000800   __SYSMEM_SIZE
2000b740   __TI_CINIT_Base
2000b750   __TI_CINIT_Limit
2000b72c   __TI_Handler_Table_Base
2000b738   __TI_Handler_Table_Limit
00000001   __TI_args_main
20009125   __TI_auto_init
20019644   __TI_cleanup_ptr
2000afe9   __TI_decompress_none
2000b065   __TI_decompress_rle24
20019648   __TI_dtors_ptr
20004fb7   __TI_printfi
2000b6e0   __TI_static_base__
2000afa1   __TI_zero_init
20009469   __aeabi_cdcmpeq
20009469   __aeabi_cdcmple
200094ef   __aeabi_cdrcmple
2000a2dd   __aeabi_d2iz
2000762b   __aeabi_dadd
20007d71   __aeabi_ddiv
2000843d   __aeabi_dmul
20007621   __aeabi_dsub
2000aa09   __aeabi_i2d
2000aea5   __aeabi_lmul
200098d9   __aeabi_memclr
200098d9   __aeabi_memclr4
200098d9   __aeabi_memclr8
20008e35   __aeabi_memcpy
20008e35   __aeabi_memcpy4
20008e35   __aeabi_memcpy8
200098db   __aeabi_memset
200098db   __aeabi_memset4
200098db   __aeabi_memset8
2000742d   __aeabi_uldivmod
ffffffff   __binit__
ffffffff   __c_args__
2002f800   __stack
2000ae8d   _args_main
2000a881   _c_int00
2000b06c   _ctypes_
2001963c   _lock
2000af5f   _nop
2000af57   _register_lock
2000af51   _register_unlock
2000aa8d   _sl_BuildAddress
2000a249   _sl_GetStartResponseConvert
20009b19   _sl_HandleAsync_Accept
20009aad   _sl_HandleAsync_Connect
20009575   _sl_HandleAsync_DnsGetHostByName
20009b81   _sl_HandleAsync_DnsGetHostByService
200097e9   _sl_HandleAsync_InitComplete
20009861   _sl_HandleAsync_PingResponse
20009d71   _sl_HandleAsync_Select
20009f35   _sl_HandleAsync_Stop
20009a3d   _sl_TruncatePayloadByProtocol
20018c00   _sys_memory
20019640   _unlock
2000a43d   abort
2000a119   atoi
ffffffff   binit
20019600   c_full
20006889   calloc
20019610   check_cmd
2001962c   check_frame_start
2001960c   chk_bufa_flag
2001872c   cmd_buffer
20019628   cmd_index
20019618   cmd_sent
2000a3f5   copy_in
2000a445   exit
20019608   flag
2001961c   flow_ctrl
20006431   frame_sync
200065e3   free
20019404   gFirstCmdMode
2000b564   g_H2NCnysPattern
2000b55c   g_H2NSyncPattern
20019570   g_SpiFd
2001940c   g_StatMem
200186e0   g__SlNonOsCB
20018756   g_cDummy
20019408   g_pCB
20019574   g_pHostIntHdl
20004000   g_pfnVectors
20018738   g_ucConnectionBSSID
20018708   g_ucConnectionSSID
20019578   g_ucDMAEnabled
2001957c   g_ucDinDout
200195e0   g_ucSimplelinkstarted
200195d8   g_uiPortNum
200195d4   g_ulDestinationIp
200195d0   g_ulGatewayIP
200195e4   g_ulIpAddr
200195dc   g_ulPacketCount
200195cc   g_ulStatus
20019614   get_sync_cmd_resp
200185e0   gfpAppCallbackHndl
20018800   gpCtlTbl
20018757   iDone
20019604   index
20009e29   ltoa
20005e91   main
2001964c   main_func_sp
20006581   malloc
200067a9   memalign
2000acd1   memccpy
20008e35   memcpy
2000ab49   memmove
200098e1   memset
200064f5   minit
200052c1   ms_delay
20017000   myStrA
20017578   myStrB
200195f4   num
20019400   pPingCallBackFunc
200066a3   realloc
20019620   recv_ping_packet
20019624   recv_pong_packet
20018748   recvfromflag
200063a5   reset_sync_spi
2001874c   rx_udp_server
2000631b   send_cmd
20009dcd   sl_Bind
2000ab6d   sl_Close
200096f5   sl_DevGet
2000a7ad   sl_Htonl
2000a8b5   sl_Htons
200093e1   sl_NetAppMDNSRegisterUnregisterService
2000afb3   sl_NetAppMDNSUnRegisterService
20009fe1   sl_NetAppSendTokenValue
2000a4c1   sl_NetCfgSet
20008b99   sl_RecvFrom
20008a31   sl_SendTo
2000a165   sl_SetSockOpt
2000a9d9   sl_Socket
200088ad   sl_Start
20008715   sl_Stop
200077d9   sl_WlanConnect
2000b057   sl_WlanDisconnect
2000a605   sl_WlanPolicySet
2000ab91   sl_WlanProfileDel
2000a645   sl_WlanRxFilterSet
2000a325   sl_WlanSet
2000aab5   sl_WlanSetMode
200064a9   spi
200099c9   spi_Close
20007fdd   spi_Open
200087e1   spi_Read
20008629   spi_Write
2000af65   strlen
200195fc   tempCnt
200195f8   timerValue
2000a1b1   uDMAChannelAssign
20009be9   uDMAChannelAttributeDisable
20009c4d   uDMAChannelAttributeEnable
2000a739   uDMAChannelControlSet
2000aced   uDMAChannelDisable
2000ad09   uDMAChannelEnable
2000a1fd   uDMAChannelModeGet
2000ad25   uDMAChannelRequest
20008539   uDMAChannelTransferSet
2000af79   uDMAControlBaseSet
2000b021   uDMADisable
2000b02d   uDMAEnable
2000af8d   uDMAIntClear
2000aeff   uDMAIntRegister
2000b039   uDMAIntStatus
2000afc5   uDMAIntUnregister
200195e8   udp_str
20018750   udploop
20018754   ulRecvData
20009359   vsnprintf


GLOBAL SYMBOLS: SORTED BY Symbol Address 

address    name
--------   ----
00000001   __TI_args_main
00000800   __STACK_SIZE
00000800   __SYSMEM_SIZE
20004000   g_pfnVectors
20004fb7   __TI_printfi
200052c1   ms_delay
200052f9   SimpleLinkWlanEventHandler
20005409   SimpleLinkNetAppEventHandler
200054c9   SimpleLinkGeneralEventHandler
2000551d   SimpleLinkHttpServerCallback
20005529   SimpleLinkSockEventHandler
20005ab1   UdpServer
20005e91   main
2000626f   SlaveMain
2000631b   send_cmd
200063a5   reset_sync_spi
20006431   frame_sync
200064a9   spi
200064f5   minit
20006581   malloc
200065e3   free
200066a3   realloc
200067a9   memalign
20006889   calloc
200068c1   _SlDrvMsgRead
20006c75   _SlAsyncEventGenericHandler
20006fc1   InitTerm
20006fdf   Message
20007001   ClearTerm
2000700b   Error
20007043   GetCmd
200070d5   TrimSpace
2000716d   Report
2000722d   DmaSwIntHandler
20007243   DmaErrorIntHandler
2000724f   UDMAInit
200072a7   UDMAChannelSelect
200072d5   SetupTransfer
20007319   UDMASetupAutoMemTransfer
2000734d   UDMASetupPingPongTransfer
200073a7   UDMAStartTransfer
200073b3   UDMAStopTransfer
200073bf   UDMADeInit
200073d3   DMASetupTransfer
2000742d   __aeabi_uldivmod
20007621   __aeabi_dsub
2000762b   __aeabi_dadd
200077d9   sl_WlanConnect
20007975   _SlDrvDataReadOp
20007af1   _SlDrvDataWriteOp
20007c31   _SlDrvRxHdrRead
20007d71   __aeabi_ddiv
20007ea9   PRCMCC3200MCUInit
20007fdd   spi_Open
20008105   _SlDrvWaitForPoolObj
2000821d   _SlDrvMsgWrite
20008331   _SlDrvReleasePoolObj
2000843d   __aeabi_dmul
20008539   uDMAChannelTransferSet
20008629   spi_Write
20008715   sl_Stop
200087e1   spi_Read
200088ad   sl_Start
20008975   _SlDrvMsgReadCmdCtx
20008a31   sl_SendTo
20008ae5   _SlDrvNetAppEventHandler
20008b99   sl_RecvFrom
20008c45   IntDisable
20008ced   IntEnable
20008d95   SPIConfigSetExpClk
20008e35   __aeabi_memcpy
20008e35   __aeabi_memcpy4
20008e35   __aeabi_memcpy8
20008e35   memcpy
20008ed1   _SlFindAndSetActiveObj
20008f69   PRCMPeripheralClockGet
20008ffd   _SlDrvClassifyRxMsg
20009091   _SlDrvMsgReadSpawnCtx
20009125   __TI_auto_init
200091b9   _SlDrvDriverCBInit
20009249   PinConfigSet
200092d1   _SlDrvCmdOp
20009359   vsnprintf
200093e1   sl_NetAppMDNSRegisterUnregisterService
20009469   __aeabi_cdcmpeq
20009469   __aeabi_cdcmple
200094ef   __aeabi_cdrcmple
20009575   _sl_HandleAsync_DnsGetHostByName
200095f9   NwpPowerOnPreamble
20009679   SPIIntStatus
200096f5   sl_DevGet
200097e9   _sl_HandleAsync_InitComplete
20009861   _sl_HandleAsync_PingResponse
200098d9   __aeabi_memclr
200098d9   __aeabi_memclr4
200098d9   __aeabi_memclr8
200098db   __aeabi_memset
200098db   __aeabi_memset4
200098db   __aeabi_memset8
200098e1   memset
20009951   UARTConfigSetExpClk
200099c9   spi_Close
20009a3d   _sl_TruncatePayloadByProtocol
20009aad   _sl_HandleAsync_Connect
20009b19   _sl_HandleAsync_Accept
20009b81   _sl_HandleAsync_DnsGetHostByService
20009be9   uDMAChannelAttributeDisable
20009c4d   uDMAChannelAttributeEnable
20009cb1   _SlDrvDriverCBDeinit
20009d71   _sl_HandleAsync_Select
20009dcd   sl_Bind
20009e29   ltoa
20009e85   IntPendClear
20009edd   PRCMPeripheralReset
20009f35   _sl_HandleAsync_Stop
20009f8d   IntPrioritySet
20009fe1   sl_NetAppSendTokenValue
2000a035   SPIIntDisable
2000a081   SPIIntEnable
2000a119   atoi
2000a165   sl_SetSockOpt
2000a1b1   uDMAChannelAssign
2000a1fd   uDMAChannelModeGet
2000a249   _sl_GetStartResponseConvert
2000a295   SPIIntClear
2000a2dd   __aeabi_d2iz
2000a325   sl_WlanSet
2000a3b1   PinMuxConfig
2000a3f5   copy_in
2000a439   C$$EXIT
2000a43d   abort
2000a445   exit
2000a47d   _Dtest
2000a4c1   sl_NetCfgSet
2000a505   PinModeSet
2000a545   _SlDrvRxIrqHandler
2000a585   _SlNonOsMainLoopTask
2000a5c5   _SlRemoveFromList
2000a605   sl_WlanPolicySet
2000a645   sl_WlanRxFilterSet
2000a685   NwpPowerOff
2000a6c1   PRCMPeripheralClkEnable
2000a6fd   _SlDrvObjInit
2000a739   uDMAChannelControlSet
2000a775   NwpRegisterInterruptHandler
2000a7ad   sl_Htonl
2000a7e5   PRCMPeripheralStatusGet
2000a819   SPIFIFOLevelSet
2000a84d   _SlDrvBasicCmd
2000a881   _c_int00
2000a8b5   sl_Htons
2000a8e9   NwpPowerOn
2000a919   UARTDisable
2000a949   _SlDrvFlowContDeinit
2000a979   _SlDrvFlowContInit
2000a9a9   _SlNonOsSemGet
2000a9d9   sl_Socket
2000aa09   __aeabi_i2d
2000aa39   PRCMSysResetCauseGet
2000aa65   PRCMPeripheralClkDisable
2000aa8d   _sl_BuildAddress
2000aab5   sl_WlanSetMode
2000aadd   DmaSpiSwIntHandler
2000ab01   IntUnregister
2000ab25   UARTEnable
2000ab49   memmove
2000ab6d   sl_Close
2000ab91   sl_WlanProfileDel
2000abb5   SPIReset
2000abd7   SPIWordCountSet
2000abf9   IntRegister
2000ac19   _SlDrvCmdSend
2000ac39   _SlNonOsSpawn
2000ac59   SPIDataPut
2000ac77   SPIIntRegister
2000ac95   UARTCharPut
2000acb5   _SlDrvObjDeInit
2000acd1   memccpy
2000aced   uDMAChannelDisable
2000ad09   uDMAChannelEnable
2000ad25   uDMAChannelRequest
2000ad41   CopyPingResultsToReport
2000ad5b   PinTypeSPI
2000ad75   PinTypeUART
2000ad8f   SPIDmaDisable
2000ada9   SPIDmaEnable
2000adc3   SPIFIFODisable
2000addd   SPIFIFOEnable
2000adf7   SPIIntUnregister
2000ae11   _SlDrvDeviceEventHandler
2000ae2b   SPICSDisable
2000ae43   SPICSEnable
2000ae5b   SPIDisable
2000ae73   SPIEnable
2000ae8d   _args_main
2000aea5   __aeabi_lmul
2000aebd   PRCMHIBRegRead
2000aed3   PRCMHIBRegWrite
2000aee9   UARTCharGet
2000aeff   uDMAIntRegister
2000af15   CPUcpsie
2000af29   IntVTableBaseSet
2000af3d   _SlDrvShiftDWord
2000af51   _register_unlock
2000af57   _register_lock
2000af5f   _nop
2000af65   strlen
2000af79   uDMAControlBaseSet
2000af8d   uDMAIntClear
2000afa1   __TI_zero_init
2000afb3   sl_NetAppMDNSUnRegisterService
2000afc5   uDMAIntUnregister
2000afd9   NwpMaskInterrupt
2000afe9   __TI_decompress_none
2000aff7   _Dclass
2000b005   ResetISR
2000b015   NwpUnMaskInterrupt
2000b021   uDMADisable
2000b02d   uDMAEnable
2000b039   uDMAIntStatus
2000b045   IntMasterEnable
2000b04f   _SlNonOsSemSet
2000b057   sl_WlanDisconnect
2000b05f   UtilsDelay
2000b065   __TI_decompress_rle24
2000b06c   _ctypes_
2000b274   _SlPolicySetCmdCtrl
2000b278   _SlPolicyGetCmdCtrl
2000b27c   _SlProfileGetCmdCtrl
2000b280   _SlProfileDelCmdCtrl
2000b284   _SlWlanGetNetworkListCtrl
2000b288   _SlRxFilterAddtCmdCtrl
2000b28c   _SlRxFilterSetCmdCtrl
2000b290   _SlRxFilterGetCmdCtrl
2000b294   _SlSmartConfigStartCmdCtrl
2000b298   _SlWlanSetModeCmdCtrl
2000b29c   _SlWlanCfgSetCmdCtrl
2000b2a0   _SlWlanCfgGetCmdCtrl
2000b55c   g_H2NSyncPattern
2000b564   g_H2NCnysPattern
2000b56c   _SlActionLookupTable
2000b5b0   _SlSockSocketCmdCtrl
2000b5b4   _SlSockCloseCmdCtrl
2000b5b8   _SlRecvfomCmdCtrl
2000b5bc   _SlSendCmdCtrl
2000b5c0   _SlListenCmdCtrl
2000b5c4   _SlAcceptCmdCtrl
2000b5c8   _SlRecvCmdCtrl
2000b5cc   _SlSetSockOptCmdCtrl
2000b5d0   _SlGetSockOptCmdCtrl
2000b5d4   _SlSelectCmdCtrl
2000b608   _SlNetAppStartCtrl
2000b60c   _SlNetAppStopCtrl
2000b610   _SlGetServiceListeCtrl
2000b614   _SlRegisterServiceCtrl
2000b618   _SlGetHostByServiceCtrl
2000b61c   _SlGetHostByNameCtrl
2000b620   _SlNetAppSetCmdCtrl
2000b624   _SlNetAppSendTokenValueCmdCtrl
2000b628   _SlNetAppGetCmdCtrl
2000b6c4   _SlStopCmdCtrl
2000b6c8   _SlEventMaskSetCmdCtrl
2000b6cc   _SlEventMaskGetCmdCtrl
2000b6d0   _SlDeviceGetCmdCtrl
2000b6d4   _SlDeviceSetCmdCtrl
2000b6d8   _SlNetCfgSetCmdCtrl
2000b6dc   _SlNetCfgGetCmdCtrl
2000b6e0   __TI_static_base__
2000b72c   __TI_Handler_Table_Base
2000b738   __TI_Handler_Table_Limit
2000b740   __TI_CINIT_Base
2000b750   __TI_CINIT_Limit
20017000   myStrA
20017578   myStrB
200185e0   gfpAppCallbackHndl
200186e0   g__SlNonOsCB
20018708   g_ucConnectionSSID
2001872c   cmd_buffer
20018738   g_ucConnectionBSSID
20018740   Reset_SYNC
20018748   recvfromflag
2001874c   rx_udp_server
20018750   udploop
20018754   ulRecvData
20018756   g_cDummy
20018757   iDone
20018800   gpCtlTbl
20018c00   _sys_memory
20019400   pPingCallBackFunc
20019404   gFirstCmdMode
20019408   g_pCB
2001940c   g_StatMem
20019570   g_SpiFd
20019574   g_pHostIntHdl
20019578   g_ucDMAEnabled
2001957c   g_ucDinDout
200195cc   g_ulStatus
200195d0   g_ulGatewayIP
200195d4   g_ulDestinationIp
200195d8   g_uiPortNum
200195dc   g_ulPacketCount
200195e0   g_ucSimplelinkstarted
200195e4   g_ulIpAddr
200195e8   udp_str
200195f4   num
200195f8   timerValue
200195fc   tempCnt
20019600   c_full
20019604   index
20019608   flag
2001960c   chk_bufa_flag
20019610   check_cmd
20019614   get_sync_cmd_resp
20019618   cmd_sent
2001961c   flow_ctrl
20019620   recv_ping_packet
20019624   recv_pong_packet
20019628   cmd_index
2001962c   check_frame_start
2001963c   _lock
20019640   _unlock
20019644   __TI_cleanup_ptr
20019648   __TI_dtors_ptr
2001964c   main_func_sp
2002f800   __stack
20030000   __STACK_END
ffffffff   __binit__
ffffffff   __c_args__
ffffffff   binit
UNDEFED    SHT$$INIT_ARRAY$$Base
UNDEFED    SHT$$INIT_ARRAY$$Limit

[331 symbols]
